--------------------------------------------------------------------------------
Release 12.1 Trace  (nt)
Copyright (c) 1995-2010 Xilinx, Inc.  All rights reserved.

E:\Programs\Xilinx\ISE_DS\ISE\bin\nt\unwrapped\trce.exe -intstyle ise -v 3 -s 3
-n 3 -fastpaths -xml Demo.twx Demo.ncd -o Demo.twr Demo.pcf

Design file:              Demo.ncd
Physical constraint file: Demo.pcf
Device,package,speed:     xc6slx16,csg324,C,-3 (PRELIMINARY 1.08 2010-04-09)
Report level:             verbose report

Environment Variable      Effect 
--------------------      ------ 
NONE                      No environment variables were set
--------------------------------------------------------------------------------

INFO:Timing:2698 - No timing constraints found, doing default enumeration.
INFO:Timing:2752 - To get complete path coverage, use the unconstrained paths 
   option. All paths that are not constrained will be reported in the 
   unconstrained paths section(s) of the report.
INFO:Timing:3339 - The clock-to-out numbers in this timing report are based on 
   a 50 Ohm transmission line loading model.  For the details of this model, 
   and for more information on accounting for different loading conditions, 
   please see the device datasheet.



Data Sheet report:
-----------------
All values displayed in nanoseconds (ns)

Setup/Hold to clock clock
------------+------------+------------+------------+------------+------------------+--------+
            |Max Setup to|  Process   |Max Hold to |  Process   |                  | Clock  |
Source      | clk (edge) |   Corner   | clk (edge) |   Corner   |Internal Clock(s) | Phase  |
------------+------------+------------+------------+------------+------------------+--------+
a<0>        |   10.886(R)|      SLOW  |   -5.740(R)|      FAST  |clock_BUFGP       |   0.000|
a<1>        |   10.668(R)|      SLOW  |   -5.657(R)|      FAST  |clock_BUFGP       |   0.000|
a<2>        |   10.629(R)|      SLOW  |   -5.560(R)|      FAST  |clock_BUFGP       |   0.000|
a<3>        |   10.316(R)|      SLOW  |   -5.392(R)|      FAST  |clock_BUFGP       |   0.000|
a<4>        |   10.882(R)|      SLOW  |   -5.726(R)|      FAST  |clock_BUFGP       |   0.000|
a<5>        |   10.653(R)|      SLOW  |   -5.627(R)|      FAST  |clock_BUFGP       |   0.000|
a<6>        |   10.979(R)|      SLOW  |   -5.744(R)|      FAST  |clock_BUFGP       |   0.000|
a<7>        |   10.405(R)|      SLOW  |   -5.495(R)|      FAST  |clock_BUFGP       |   0.000|
a<8>        |   10.720(R)|      SLOW  |   -5.663(R)|      FAST  |clock_BUFGP       |   0.000|
a<9>        |   10.651(R)|      SLOW  |   -5.640(R)|      FAST  |clock_BUFGP       |   0.000|
a<10>       |   10.514(R)|      SLOW  |   -5.531(R)|      FAST  |clock_BUFGP       |   0.000|
a<11>       |   10.645(R)|      SLOW  |   -5.632(R)|      FAST  |clock_BUFGP       |   0.000|
a<12>       |   10.800(R)|      SLOW  |   -5.653(R)|      FAST  |clock_BUFGP       |   0.000|
a<13>       |   10.482(R)|      SLOW  |   -5.537(R)|      FAST  |clock_BUFGP       |   0.000|
a<14>       |   10.519(R)|      SLOW  |   -5.527(R)|      FAST  |clock_BUFGP       |   0.000|
a<15>       |   10.262(R)|      SLOW  |   -5.481(R)|      FAST  |clock_BUFGP       |   0.000|
a<16>       |   10.334(R)|      SLOW  |   -5.379(R)|      FAST  |clock_BUFGP       |   0.000|
a<17>       |    9.886(R)|      SLOW  |   -5.221(R)|      FAST  |clock_BUFGP       |   0.000|
b<0>        |   10.712(R)|      SLOW  |   -5.459(R)|      FAST  |clock_BUFGP       |   0.000|
b<1>        |   10.191(R)|      SLOW  |   -5.183(R)|      FAST  |clock_BUFGP       |   0.000|
b<2>        |   10.097(R)|      SLOW  |   -5.098(R)|      FAST  |clock_BUFGP       |   0.000|
b<3>        |   10.135(R)|      SLOW  |   -5.112(R)|      FAST  |clock_BUFGP       |   0.000|
b<4>        |   10.085(R)|      SLOW  |   -5.100(R)|      FAST  |clock_BUFGP       |   0.000|
b<5>        |    9.768(R)|      SLOW  |   -4.917(R)|      FAST  |clock_BUFGP       |   0.000|
b<6>        |    9.877(R)|      SLOW  |   -4.978(R)|      FAST  |clock_BUFGP       |   0.000|
b<7>        |    9.031(R)|      SLOW  |   -4.519(R)|      FAST  |clock_BUFGP       |   0.000|
b<8>        |    9.401(R)|      SLOW  |   -4.682(R)|      FAST  |clock_BUFGP       |   0.000|
b<9>        |    9.185(R)|      SLOW  |   -4.673(R)|      FAST  |clock_BUFGP       |   0.000|
b<10>       |    9.329(R)|      SLOW  |   -4.627(R)|      FAST  |clock_BUFGP       |   0.000|
b<11>       |    9.006(R)|      SLOW  |   -4.501(R)|      FAST  |clock_BUFGP       |   0.000|
b<12>       |    9.221(R)|      SLOW  |   -4.588(R)|      FAST  |clock_BUFGP       |   0.000|
b<13>       |    9.037(R)|      SLOW  |   -4.538(R)|      FAST  |clock_BUFGP       |   0.000|
b<14>       |    9.468(R)|      SLOW  |   -4.801(R)|      FAST  |clock_BUFGP       |   0.000|
b<15>       |    9.140(R)|      SLOW  |   -4.614(R)|      FAST  |clock_BUFGP       |   0.000|
b<16>       |    8.986(R)|      SLOW  |   -4.485(R)|      FAST  |clock_BUFGP       |   0.000|
b<17>       |    9.107(R)|      SLOW  |   -4.554(R)|      FAST  |clock_BUFGP       |   0.000|
------------+------------+------------+------------+------------+------------------+--------+

Clock clock to Pad
------------+-----------------+------------+-----------------+------------+------------------+--------+
            |Max (slowest) clk|  Process   |Min (fastest) clk|  Process   |                  | Clock  |
Destination |  (edge) to PAD  |   Corner   |  (edge) to PAD  |   Corner   |Internal Clock(s) | Phase  |
------------+-----------------+------------+-----------------+------------+------------------+--------+
out<0>      |        14.320(R)|      SLOW  |         6.352(R)|      FAST  |clock_BUFGP       |   0.000|
out<1>      |        14.178(R)|      SLOW  |         6.292(R)|      FAST  |clock_BUFGP       |   0.000|
out<2>      |        14.196(R)|      SLOW  |         6.317(R)|      FAST  |clock_BUFGP       |   0.000|
out<3>      |        14.214(R)|      SLOW  |         6.329(R)|      FAST  |clock_BUFGP       |   0.000|
out<4>      |        14.194(R)|      SLOW  |         6.326(R)|      FAST  |clock_BUFGP       |   0.000|
out<5>      |        14.161(R)|      SLOW  |         6.305(R)|      FAST  |clock_BUFGP       |   0.000|
out<6>      |        14.258(R)|      SLOW  |         6.382(R)|      FAST  |clock_BUFGP       |   0.000|
out<7>      |        14.164(R)|      SLOW  |         6.310(R)|      FAST  |clock_BUFGP       |   0.000|
out<8>      |        13.992(R)|      SLOW  |         6.128(R)|      FAST  |clock_BUFGP       |   0.000|
out<9>      |        14.124(R)|      SLOW  |         6.198(R)|      FAST  |clock_BUFGP       |   0.000|
out<10>     |        14.027(R)|      SLOW  |         6.177(R)|      FAST  |clock_BUFGP       |   0.000|
out<11>     |        13.848(R)|      SLOW  |         6.070(R)|      FAST  |clock_BUFGP       |   0.000|
out<12>     |        13.958(R)|      SLOW  |         6.111(R)|      FAST  |clock_BUFGP       |   0.000|
out<13>     |        13.763(R)|      SLOW  |         6.009(R)|      FAST  |clock_BUFGP       |   0.000|
out<14>     |        14.062(R)|      SLOW  |         6.188(R)|      FAST  |clock_BUFGP       |   0.000|
out<15>     |        13.608(R)|      SLOW  |         5.955(R)|      FAST  |clock_BUFGP       |   0.000|
out<16>     |        13.988(R)|      SLOW  |         6.158(R)|      FAST  |clock_BUFGP       |   0.000|
out<17>     |        14.049(R)|      SLOW  |         6.194(R)|      FAST  |clock_BUFGP       |   0.000|
out<18>     |        14.081(R)|      SLOW  |         6.251(R)|      FAST  |clock_BUFGP       |   0.000|
out<19>     |        13.833(R)|      SLOW  |         6.104(R)|      FAST  |clock_BUFGP       |   0.000|
out<20>     |        14.009(R)|      SLOW  |         6.179(R)|      FAST  |clock_BUFGP       |   0.000|
out<21>     |        14.006(R)|      SLOW  |         6.157(R)|      FAST  |clock_BUFGP       |   0.000|
out<22>     |        14.438(R)|      SLOW  |         6.382(R)|      FAST  |clock_BUFGP       |   0.000|
out<23>     |        14.040(R)|      SLOW  |         6.184(R)|      FAST  |clock_BUFGP       |   0.000|
out<24>     |        14.293(R)|      SLOW  |         6.342(R)|      FAST  |clock_BUFGP       |   0.000|
out<25>     |        13.855(R)|      SLOW  |         6.101(R)|      FAST  |clock_BUFGP       |   0.000|
out<26>     |        14.282(R)|      SLOW  |         6.301(R)|      FAST  |clock_BUFGP       |   0.000|
out<27>     |        13.865(R)|      SLOW  |         6.104(R)|      FAST  |clock_BUFGP       |   0.000|
out<28>     |        14.088(R)|      SLOW  |         6.231(R)|      FAST  |clock_BUFGP       |   0.000|
out<29>     |        13.911(R)|      SLOW  |         6.131(R)|      FAST  |clock_BUFGP       |   0.000|
out<30>     |        14.422(R)|      SLOW  |         6.467(R)|      FAST  |clock_BUFGP       |   0.000|
out<31>     |        14.392(R)|      SLOW  |         6.410(R)|      FAST  |clock_BUFGP       |   0.000|
out<32>     |        14.201(R)|      SLOW  |         6.401(R)|      FAST  |clock_BUFGP       |   0.000|
out<33>     |        14.450(R)|      SLOW  |         6.468(R)|      FAST  |clock_BUFGP       |   0.000|
out<34>     |        14.415(R)|      SLOW  |         6.450(R)|      FAST  |clock_BUFGP       |   0.000|
out<35>     |        14.421(R)|      SLOW  |         6.439(R)|      FAST  |clock_BUFGP       |   0.000|
out<36>     |        14.489(R)|      SLOW  |         6.483(R)|      FAST  |clock_BUFGP       |   0.000|
out<37>     |        14.649(R)|      SLOW  |         6.590(R)|      FAST  |clock_BUFGP       |   0.000|
out<38>     |        14.509(R)|      SLOW  |         6.530(R)|      FAST  |clock_BUFGP       |   0.000|
out<39>     |        14.337(R)|      SLOW  |         6.434(R)|      FAST  |clock_BUFGP       |   0.000|
out<40>     |        14.723(R)|      SLOW  |         6.599(R)|      FAST  |clock_BUFGP       |   0.000|
out<41>     |        14.452(R)|      SLOW  |         6.472(R)|      FAST  |clock_BUFGP       |   0.000|
out<42>     |        14.728(R)|      SLOW  |         6.628(R)|      FAST  |clock_BUFGP       |   0.000|
out<43>     |        14.528(R)|      SLOW  |         6.504(R)|      FAST  |clock_BUFGP       |   0.000|
out<44>     |        14.547(R)|      SLOW  |         6.519(R)|      FAST  |clock_BUFGP       |   0.000|
out<45>     |        14.900(R)|      SLOW  |         6.718(R)|      FAST  |clock_BUFGP       |   0.000|
out<46>     |        14.839(R)|      SLOW  |         6.699(R)|      FAST  |clock_BUFGP       |   0.000|
out<47>     |        14.796(R)|      SLOW  |         6.690(R)|      FAST  |clock_BUFGP       |   0.000|
------------+-----------------+------------+-----------------+------------+------------------+--------+

Clock to Setup on destination clock clock
---------------+---------+---------+---------+---------+
               | Src:Rise| Src:Fall| Src:Rise| Src:Fall|
Source Clock   |Dest:Rise|Dest:Rise|Dest:Fall|Dest:Fall|
---------------+---------+---------+---------+---------+
clock          |    6.288|         |         |         |
---------------+---------+---------+---------+---------+

Pad to Pad
---------------+---------------+---------+
Source Pad     |Destination Pad|  Delay  |
---------------+---------------+---------+
a<0>           |out<0>         |   18.644|
a<0>           |out<1>         |   18.502|
a<0>           |out<2>         |   18.520|
a<0>           |out<3>         |   18.538|
a<0>           |out<4>         |   18.518|
a<0>           |out<5>         |   18.485|
a<0>           |out<6>         |   18.582|
a<0>           |out<7>         |   18.488|
a<0>           |out<8>         |   18.316|
a<0>           |out<9>         |   18.448|
a<0>           |out<10>        |   18.351|
a<0>           |out<11>        |   18.172|
a<0>           |out<12>        |   18.282|
a<0>           |out<13>        |   18.087|
a<0>           |out<14>        |   18.386|
a<0>           |out<15>        |   17.932|
a<0>           |out<16>        |   18.312|
a<0>           |out<17>        |   18.373|
a<0>           |out<18>        |   18.405|
a<0>           |out<19>        |   18.157|
a<0>           |out<20>        |   18.333|
a<0>           |out<21>        |   18.330|
a<0>           |out<22>        |   18.762|
a<0>           |out<23>        |   18.364|
a<0>           |out<24>        |   18.617|
a<0>           |out<25>        |   18.179|
a<0>           |out<26>        |   18.606|
a<0>           |out<27>        |   18.189|
a<0>           |out<28>        |   18.412|
a<0>           |out<29>        |   18.235|
a<0>           |out<30>        |   18.746|
a<0>           |out<31>        |   18.716|
a<0>           |out<32>        |   18.525|
a<0>           |out<33>        |   18.774|
a<0>           |out<34>        |   18.739|
a<0>           |out<35>        |   18.745|
a<0>           |out<36>        |   18.813|
a<0>           |out<37>        |   18.973|
a<0>           |out<38>        |   18.833|
a<0>           |out<39>        |   18.661|
a<0>           |out<40>        |   19.047|
a<0>           |out<41>        |   18.776|
a<0>           |out<42>        |   19.052|
a<0>           |out<43>        |   18.852|
a<0>           |out<44>        |   18.871|
a<0>           |out<45>        |   19.224|
a<0>           |out<46>        |   19.163|
a<0>           |out<47>        |   19.120|
a<1>           |out<0>         |   18.426|
a<1>           |out<1>         |   18.284|
a<1>           |out<2>         |   18.302|
a<1>           |out<3>         |   18.320|
a<1>           |out<4>         |   18.300|
a<1>           |out<5>         |   18.267|
a<1>           |out<6>         |   18.364|
a<1>           |out<7>         |   18.270|
a<1>           |out<8>         |   18.098|
a<1>           |out<9>         |   18.230|
a<1>           |out<10>        |   18.133|
a<1>           |out<11>        |   17.954|
a<1>           |out<12>        |   18.064|
a<1>           |out<13>        |   17.869|
a<1>           |out<14>        |   18.168|
a<1>           |out<15>        |   17.714|
a<1>           |out<16>        |   18.094|
a<1>           |out<17>        |   18.155|
a<1>           |out<18>        |   18.187|
a<1>           |out<19>        |   17.939|
a<1>           |out<20>        |   18.115|
a<1>           |out<21>        |   18.112|
a<1>           |out<22>        |   18.544|
a<1>           |out<23>        |   18.146|
a<1>           |out<24>        |   18.399|
a<1>           |out<25>        |   17.961|
a<1>           |out<26>        |   18.388|
a<1>           |out<27>        |   17.971|
a<1>           |out<28>        |   18.194|
a<1>           |out<29>        |   18.017|
a<1>           |out<30>        |   18.528|
a<1>           |out<31>        |   18.498|
a<1>           |out<32>        |   18.307|
a<1>           |out<33>        |   18.556|
a<1>           |out<34>        |   18.521|
a<1>           |out<35>        |   18.527|
a<1>           |out<36>        |   18.595|
a<1>           |out<37>        |   18.755|
a<1>           |out<38>        |   18.615|
a<1>           |out<39>        |   18.443|
a<1>           |out<40>        |   18.829|
a<1>           |out<41>        |   18.558|
a<1>           |out<42>        |   18.834|
a<1>           |out<43>        |   18.634|
a<1>           |out<44>        |   18.653|
a<1>           |out<45>        |   19.006|
a<1>           |out<46>        |   18.945|
a<1>           |out<47>        |   18.902|
a<2>           |out<0>         |   18.387|
a<2>           |out<1>         |   18.245|
a<2>           |out<2>         |   18.263|
a<2>           |out<3>         |   18.281|
a<2>           |out<4>         |   18.261|
a<2>           |out<5>         |   18.228|
a<2>           |out<6>         |   18.325|
a<2>           |out<7>         |   18.231|
a<2>           |out<8>         |   18.059|
a<2>           |out<9>         |   18.191|
a<2>           |out<10>        |   18.094|
a<2>           |out<11>        |   17.915|
a<2>           |out<12>        |   18.025|
a<2>           |out<13>        |   17.830|
a<2>           |out<14>        |   18.129|
a<2>           |out<15>        |   17.675|
a<2>           |out<16>        |   18.055|
a<2>           |out<17>        |   18.116|
a<2>           |out<18>        |   18.148|
a<2>           |out<19>        |   17.900|
a<2>           |out<20>        |   18.076|
a<2>           |out<21>        |   18.073|
a<2>           |out<22>        |   18.505|
a<2>           |out<23>        |   18.107|
a<2>           |out<24>        |   18.360|
a<2>           |out<25>        |   17.922|
a<2>           |out<26>        |   18.349|
a<2>           |out<27>        |   17.932|
a<2>           |out<28>        |   18.155|
a<2>           |out<29>        |   17.978|
a<2>           |out<30>        |   18.489|
a<2>           |out<31>        |   18.459|
a<2>           |out<32>        |   18.268|
a<2>           |out<33>        |   18.517|
a<2>           |out<34>        |   18.482|
a<2>           |out<35>        |   18.488|
a<2>           |out<36>        |   18.556|
a<2>           |out<37>        |   18.716|
a<2>           |out<38>        |   18.576|
a<2>           |out<39>        |   18.404|
a<2>           |out<40>        |   18.790|
a<2>           |out<41>        |   18.519|
a<2>           |out<42>        |   18.795|
a<2>           |out<43>        |   18.595|
a<2>           |out<44>        |   18.614|
a<2>           |out<45>        |   18.967|
a<2>           |out<46>        |   18.906|
a<2>           |out<47>        |   18.863|
a<3>           |out<0>         |   18.074|
a<3>           |out<1>         |   17.932|
a<3>           |out<2>         |   17.950|
a<3>           |out<3>         |   17.968|
a<3>           |out<4>         |   17.948|
a<3>           |out<5>         |   17.915|
a<3>           |out<6>         |   18.012|
a<3>           |out<7>         |   17.918|
a<3>           |out<8>         |   17.746|
a<3>           |out<9>         |   17.878|
a<3>           |out<10>        |   17.781|
a<3>           |out<11>        |   17.602|
a<3>           |out<12>        |   17.712|
a<3>           |out<13>        |   17.517|
a<3>           |out<14>        |   17.816|
a<3>           |out<15>        |   17.362|
a<3>           |out<16>        |   17.742|
a<3>           |out<17>        |   17.803|
a<3>           |out<18>        |   17.835|
a<3>           |out<19>        |   17.587|
a<3>           |out<20>        |   17.763|
a<3>           |out<21>        |   17.760|
a<3>           |out<22>        |   18.192|
a<3>           |out<23>        |   17.794|
a<3>           |out<24>        |   18.047|
a<3>           |out<25>        |   17.609|
a<3>           |out<26>        |   18.036|
a<3>           |out<27>        |   17.619|
a<3>           |out<28>        |   17.842|
a<3>           |out<29>        |   17.665|
a<3>           |out<30>        |   18.176|
a<3>           |out<31>        |   18.146|
a<3>           |out<32>        |   17.955|
a<3>           |out<33>        |   18.204|
a<3>           |out<34>        |   18.169|
a<3>           |out<35>        |   18.175|
a<3>           |out<36>        |   18.243|
a<3>           |out<37>        |   18.403|
a<3>           |out<38>        |   18.263|
a<3>           |out<39>        |   18.091|
a<3>           |out<40>        |   18.477|
a<3>           |out<41>        |   18.206|
a<3>           |out<42>        |   18.482|
a<3>           |out<43>        |   18.282|
a<3>           |out<44>        |   18.301|
a<3>           |out<45>        |   18.654|
a<3>           |out<46>        |   18.593|
a<3>           |out<47>        |   18.550|
a<4>           |out<0>         |   18.640|
a<4>           |out<1>         |   18.498|
a<4>           |out<2>         |   18.516|
a<4>           |out<3>         |   18.534|
a<4>           |out<4>         |   18.514|
a<4>           |out<5>         |   18.481|
a<4>           |out<6>         |   18.578|
a<4>           |out<7>         |   18.484|
a<4>           |out<8>         |   18.312|
a<4>           |out<9>         |   18.444|
a<4>           |out<10>        |   18.347|
a<4>           |out<11>        |   18.168|
a<4>           |out<12>        |   18.278|
a<4>           |out<13>        |   18.083|
a<4>           |out<14>        |   18.382|
a<4>           |out<15>        |   17.928|
a<4>           |out<16>        |   18.308|
a<4>           |out<17>        |   18.369|
a<4>           |out<18>        |   18.401|
a<4>           |out<19>        |   18.153|
a<4>           |out<20>        |   18.329|
a<4>           |out<21>        |   18.326|
a<4>           |out<22>        |   18.758|
a<4>           |out<23>        |   18.360|
a<4>           |out<24>        |   18.613|
a<4>           |out<25>        |   18.175|
a<4>           |out<26>        |   18.602|
a<4>           |out<27>        |   18.185|
a<4>           |out<28>        |   18.408|
a<4>           |out<29>        |   18.231|
a<4>           |out<30>        |   18.742|
a<4>           |out<31>        |   18.712|
a<4>           |out<32>        |   18.521|
a<4>           |out<33>        |   18.770|
a<4>           |out<34>        |   18.735|
a<4>           |out<35>        |   18.741|
a<4>           |out<36>        |   18.809|
a<4>           |out<37>        |   18.969|
a<4>           |out<38>        |   18.829|
a<4>           |out<39>        |   18.657|
a<4>           |out<40>        |   19.043|
a<4>           |out<41>        |   18.772|
a<4>           |out<42>        |   19.048|
a<4>           |out<43>        |   18.848|
a<4>           |out<44>        |   18.867|
a<4>           |out<45>        |   19.220|
a<4>           |out<46>        |   19.159|
a<4>           |out<47>        |   19.116|
a<5>           |out<0>         |   18.411|
a<5>           |out<1>         |   18.269|
a<5>           |out<2>         |   18.287|
a<5>           |out<3>         |   18.305|
a<5>           |out<4>         |   18.285|
a<5>           |out<5>         |   18.252|
a<5>           |out<6>         |   18.349|
a<5>           |out<7>         |   18.255|
a<5>           |out<8>         |   18.083|
a<5>           |out<9>         |   18.215|
a<5>           |out<10>        |   18.118|
a<5>           |out<11>        |   17.939|
a<5>           |out<12>        |   18.049|
a<5>           |out<13>        |   17.854|
a<5>           |out<14>        |   18.153|
a<5>           |out<15>        |   17.699|
a<5>           |out<16>        |   18.079|
a<5>           |out<17>        |   18.140|
a<5>           |out<18>        |   18.172|
a<5>           |out<19>        |   17.924|
a<5>           |out<20>        |   18.100|
a<5>           |out<21>        |   18.097|
a<5>           |out<22>        |   18.529|
a<5>           |out<23>        |   18.131|
a<5>           |out<24>        |   18.384|
a<5>           |out<25>        |   17.946|
a<5>           |out<26>        |   18.373|
a<5>           |out<27>        |   17.956|
a<5>           |out<28>        |   18.179|
a<5>           |out<29>        |   18.002|
a<5>           |out<30>        |   18.513|
a<5>           |out<31>        |   18.483|
a<5>           |out<32>        |   18.292|
a<5>           |out<33>        |   18.541|
a<5>           |out<34>        |   18.506|
a<5>           |out<35>        |   18.512|
a<5>           |out<36>        |   18.580|
a<5>           |out<37>        |   18.740|
a<5>           |out<38>        |   18.600|
a<5>           |out<39>        |   18.428|
a<5>           |out<40>        |   18.814|
a<5>           |out<41>        |   18.543|
a<5>           |out<42>        |   18.819|
a<5>           |out<43>        |   18.619|
a<5>           |out<44>        |   18.638|
a<5>           |out<45>        |   18.991|
a<5>           |out<46>        |   18.930|
a<5>           |out<47>        |   18.887|
a<6>           |out<0>         |   18.737|
a<6>           |out<1>         |   18.595|
a<6>           |out<2>         |   18.613|
a<6>           |out<3>         |   18.631|
a<6>           |out<4>         |   18.611|
a<6>           |out<5>         |   18.578|
a<6>           |out<6>         |   18.675|
a<6>           |out<7>         |   18.581|
a<6>           |out<8>         |   18.409|
a<6>           |out<9>         |   18.541|
a<6>           |out<10>        |   18.444|
a<6>           |out<11>        |   18.265|
a<6>           |out<12>        |   18.375|
a<6>           |out<13>        |   18.180|
a<6>           |out<14>        |   18.479|
a<6>           |out<15>        |   18.025|
a<6>           |out<16>        |   18.405|
a<6>           |out<17>        |   18.466|
a<6>           |out<18>        |   18.498|
a<6>           |out<19>        |   18.250|
a<6>           |out<20>        |   18.426|
a<6>           |out<21>        |   18.423|
a<6>           |out<22>        |   18.855|
a<6>           |out<23>        |   18.457|
a<6>           |out<24>        |   18.710|
a<6>           |out<25>        |   18.272|
a<6>           |out<26>        |   18.699|
a<6>           |out<27>        |   18.282|
a<6>           |out<28>        |   18.505|
a<6>           |out<29>        |   18.328|
a<6>           |out<30>        |   18.839|
a<6>           |out<31>        |   18.809|
a<6>           |out<32>        |   18.618|
a<6>           |out<33>        |   18.867|
a<6>           |out<34>        |   18.832|
a<6>           |out<35>        |   18.838|
a<6>           |out<36>        |   18.906|
a<6>           |out<37>        |   19.066|
a<6>           |out<38>        |   18.926|
a<6>           |out<39>        |   18.754|
a<6>           |out<40>        |   19.140|
a<6>           |out<41>        |   18.869|
a<6>           |out<42>        |   19.145|
a<6>           |out<43>        |   18.945|
a<6>           |out<44>        |   18.964|
a<6>           |out<45>        |   19.317|
a<6>           |out<46>        |   19.256|
a<6>           |out<47>        |   19.213|
a<7>           |out<0>         |   18.163|
a<7>           |out<1>         |   18.021|
a<7>           |out<2>         |   18.039|
a<7>           |out<3>         |   18.057|
a<7>           |out<4>         |   18.037|
a<7>           |out<5>         |   18.004|
a<7>           |out<6>         |   18.101|
a<7>           |out<7>         |   18.007|
a<7>           |out<8>         |   17.835|
a<7>           |out<9>         |   17.967|
a<7>           |out<10>        |   17.870|
a<7>           |out<11>        |   17.691|
a<7>           |out<12>        |   17.801|
a<7>           |out<13>        |   17.606|
a<7>           |out<14>        |   17.905|
a<7>           |out<15>        |   17.451|
a<7>           |out<16>        |   17.831|
a<7>           |out<17>        |   17.892|
a<7>           |out<18>        |   17.924|
a<7>           |out<19>        |   17.676|
a<7>           |out<20>        |   17.852|
a<7>           |out<21>        |   17.849|
a<7>           |out<22>        |   18.281|
a<7>           |out<23>        |   17.883|
a<7>           |out<24>        |   18.136|
a<7>           |out<25>        |   17.698|
a<7>           |out<26>        |   18.125|
a<7>           |out<27>        |   17.708|
a<7>           |out<28>        |   17.931|
a<7>           |out<29>        |   17.754|
a<7>           |out<30>        |   18.265|
a<7>           |out<31>        |   18.235|
a<7>           |out<32>        |   18.044|
a<7>           |out<33>        |   18.293|
a<7>           |out<34>        |   18.258|
a<7>           |out<35>        |   18.264|
a<7>           |out<36>        |   18.332|
a<7>           |out<37>        |   18.492|
a<7>           |out<38>        |   18.352|
a<7>           |out<39>        |   18.180|
a<7>           |out<40>        |   18.566|
a<7>           |out<41>        |   18.295|
a<7>           |out<42>        |   18.571|
a<7>           |out<43>        |   18.371|
a<7>           |out<44>        |   18.390|
a<7>           |out<45>        |   18.743|
a<7>           |out<46>        |   18.682|
a<7>           |out<47>        |   18.639|
a<8>           |out<0>         |   18.478|
a<8>           |out<1>         |   18.336|
a<8>           |out<2>         |   18.354|
a<8>           |out<3>         |   18.372|
a<8>           |out<4>         |   18.352|
a<8>           |out<5>         |   18.319|
a<8>           |out<6>         |   18.416|
a<8>           |out<7>         |   18.322|
a<8>           |out<8>         |   18.150|
a<8>           |out<9>         |   18.282|
a<8>           |out<10>        |   18.185|
a<8>           |out<11>        |   18.006|
a<8>           |out<12>        |   18.116|
a<8>           |out<13>        |   17.921|
a<8>           |out<14>        |   18.220|
a<8>           |out<15>        |   17.766|
a<8>           |out<16>        |   18.146|
a<8>           |out<17>        |   18.207|
a<8>           |out<18>        |   18.239|
a<8>           |out<19>        |   17.991|
a<8>           |out<20>        |   18.167|
a<8>           |out<21>        |   18.164|
a<8>           |out<22>        |   18.596|
a<8>           |out<23>        |   18.198|
a<8>           |out<24>        |   18.451|
a<8>           |out<25>        |   18.013|
a<8>           |out<26>        |   18.440|
a<8>           |out<27>        |   18.023|
a<8>           |out<28>        |   18.246|
a<8>           |out<29>        |   18.069|
a<8>           |out<30>        |   18.580|
a<8>           |out<31>        |   18.550|
a<8>           |out<32>        |   18.359|
a<8>           |out<33>        |   18.608|
a<8>           |out<34>        |   18.573|
a<8>           |out<35>        |   18.579|
a<8>           |out<36>        |   18.647|
a<8>           |out<37>        |   18.807|
a<8>           |out<38>        |   18.667|
a<8>           |out<39>        |   18.495|
a<8>           |out<40>        |   18.881|
a<8>           |out<41>        |   18.610|
a<8>           |out<42>        |   18.886|
a<8>           |out<43>        |   18.686|
a<8>           |out<44>        |   18.705|
a<8>           |out<45>        |   19.058|
a<8>           |out<46>        |   18.997|
a<8>           |out<47>        |   18.954|
a<9>           |out<0>         |   18.409|
a<9>           |out<1>         |   18.267|
a<9>           |out<2>         |   18.285|
a<9>           |out<3>         |   18.303|
a<9>           |out<4>         |   18.283|
a<9>           |out<5>         |   18.250|
a<9>           |out<6>         |   18.347|
a<9>           |out<7>         |   18.253|
a<9>           |out<8>         |   18.081|
a<9>           |out<9>         |   18.213|
a<9>           |out<10>        |   18.116|
a<9>           |out<11>        |   17.937|
a<9>           |out<12>        |   18.047|
a<9>           |out<13>        |   17.852|
a<9>           |out<14>        |   18.151|
a<9>           |out<15>        |   17.697|
a<9>           |out<16>        |   18.077|
a<9>           |out<17>        |   18.138|
a<9>           |out<18>        |   18.170|
a<9>           |out<19>        |   17.922|
a<9>           |out<20>        |   18.098|
a<9>           |out<21>        |   18.095|
a<9>           |out<22>        |   18.527|
a<9>           |out<23>        |   18.129|
a<9>           |out<24>        |   18.382|
a<9>           |out<25>        |   17.944|
a<9>           |out<26>        |   18.371|
a<9>           |out<27>        |   17.954|
a<9>           |out<28>        |   18.177|
a<9>           |out<29>        |   18.000|
a<9>           |out<30>        |   18.511|
a<9>           |out<31>        |   18.481|
a<9>           |out<32>        |   18.290|
a<9>           |out<33>        |   18.539|
a<9>           |out<34>        |   18.504|
a<9>           |out<35>        |   18.510|
a<9>           |out<36>        |   18.578|
a<9>           |out<37>        |   18.738|
a<9>           |out<38>        |   18.598|
a<9>           |out<39>        |   18.426|
a<9>           |out<40>        |   18.812|
a<9>           |out<41>        |   18.541|
a<9>           |out<42>        |   18.817|
a<9>           |out<43>        |   18.617|
a<9>           |out<44>        |   18.636|
a<9>           |out<45>        |   18.989|
a<9>           |out<46>        |   18.928|
a<9>           |out<47>        |   18.885|
a<10>          |out<0>         |   18.272|
a<10>          |out<1>         |   18.130|
a<10>          |out<2>         |   18.148|
a<10>          |out<3>         |   18.166|
a<10>          |out<4>         |   18.146|
a<10>          |out<5>         |   18.113|
a<10>          |out<6>         |   18.210|
a<10>          |out<7>         |   18.116|
a<10>          |out<8>         |   17.944|
a<10>          |out<9>         |   18.076|
a<10>          |out<10>        |   17.979|
a<10>          |out<11>        |   17.800|
a<10>          |out<12>        |   17.910|
a<10>          |out<13>        |   17.715|
a<10>          |out<14>        |   18.014|
a<10>          |out<15>        |   17.560|
a<10>          |out<16>        |   17.940|
a<10>          |out<17>        |   18.001|
a<10>          |out<18>        |   18.033|
a<10>          |out<19>        |   17.785|
a<10>          |out<20>        |   17.961|
a<10>          |out<21>        |   17.958|
a<10>          |out<22>        |   18.390|
a<10>          |out<23>        |   17.992|
a<10>          |out<24>        |   18.245|
a<10>          |out<25>        |   17.807|
a<10>          |out<26>        |   18.234|
a<10>          |out<27>        |   17.817|
a<10>          |out<28>        |   18.040|
a<10>          |out<29>        |   17.863|
a<10>          |out<30>        |   18.374|
a<10>          |out<31>        |   18.344|
a<10>          |out<32>        |   18.153|
a<10>          |out<33>        |   18.402|
a<10>          |out<34>        |   18.367|
a<10>          |out<35>        |   18.373|
a<10>          |out<36>        |   18.441|
a<10>          |out<37>        |   18.601|
a<10>          |out<38>        |   18.461|
a<10>          |out<39>        |   18.289|
a<10>          |out<40>        |   18.675|
a<10>          |out<41>        |   18.404|
a<10>          |out<42>        |   18.680|
a<10>          |out<43>        |   18.480|
a<10>          |out<44>        |   18.499|
a<10>          |out<45>        |   18.852|
a<10>          |out<46>        |   18.791|
a<10>          |out<47>        |   18.748|
a<11>          |out<0>         |   18.403|
a<11>          |out<1>         |   18.261|
a<11>          |out<2>         |   18.279|
a<11>          |out<3>         |   18.297|
a<11>          |out<4>         |   18.277|
a<11>          |out<5>         |   18.244|
a<11>          |out<6>         |   18.341|
a<11>          |out<7>         |   18.247|
a<11>          |out<8>         |   18.075|
a<11>          |out<9>         |   18.207|
a<11>          |out<10>        |   18.110|
a<11>          |out<11>        |   17.931|
a<11>          |out<12>        |   18.041|
a<11>          |out<13>        |   17.846|
a<11>          |out<14>        |   18.145|
a<11>          |out<15>        |   17.691|
a<11>          |out<16>        |   18.071|
a<11>          |out<17>        |   18.132|
a<11>          |out<18>        |   18.164|
a<11>          |out<19>        |   17.916|
a<11>          |out<20>        |   18.092|
a<11>          |out<21>        |   18.089|
a<11>          |out<22>        |   18.521|
a<11>          |out<23>        |   18.123|
a<11>          |out<24>        |   18.376|
a<11>          |out<25>        |   17.938|
a<11>          |out<26>        |   18.365|
a<11>          |out<27>        |   17.948|
a<11>          |out<28>        |   18.171|
a<11>          |out<29>        |   17.994|
a<11>          |out<30>        |   18.505|
a<11>          |out<31>        |   18.475|
a<11>          |out<32>        |   18.284|
a<11>          |out<33>        |   18.533|
a<11>          |out<34>        |   18.498|
a<11>          |out<35>        |   18.504|
a<11>          |out<36>        |   18.572|
a<11>          |out<37>        |   18.732|
a<11>          |out<38>        |   18.592|
a<11>          |out<39>        |   18.420|
a<11>          |out<40>        |   18.806|
a<11>          |out<41>        |   18.535|
a<11>          |out<42>        |   18.811|
a<11>          |out<43>        |   18.611|
a<11>          |out<44>        |   18.630|
a<11>          |out<45>        |   18.983|
a<11>          |out<46>        |   18.922|
a<11>          |out<47>        |   18.879|
a<12>          |out<0>         |   18.558|
a<12>          |out<1>         |   18.416|
a<12>          |out<2>         |   18.434|
a<12>          |out<3>         |   18.452|
a<12>          |out<4>         |   18.432|
a<12>          |out<5>         |   18.399|
a<12>          |out<6>         |   18.496|
a<12>          |out<7>         |   18.402|
a<12>          |out<8>         |   18.230|
a<12>          |out<9>         |   18.362|
a<12>          |out<10>        |   18.265|
a<12>          |out<11>        |   18.086|
a<12>          |out<12>        |   18.196|
a<12>          |out<13>        |   18.001|
a<12>          |out<14>        |   18.300|
a<12>          |out<15>        |   17.846|
a<12>          |out<16>        |   18.226|
a<12>          |out<17>        |   18.287|
a<12>          |out<18>        |   18.319|
a<12>          |out<19>        |   18.071|
a<12>          |out<20>        |   18.247|
a<12>          |out<21>        |   18.244|
a<12>          |out<22>        |   18.676|
a<12>          |out<23>        |   18.278|
a<12>          |out<24>        |   18.531|
a<12>          |out<25>        |   18.093|
a<12>          |out<26>        |   18.520|
a<12>          |out<27>        |   18.103|
a<12>          |out<28>        |   18.326|
a<12>          |out<29>        |   18.149|
a<12>          |out<30>        |   18.660|
a<12>          |out<31>        |   18.630|
a<12>          |out<32>        |   18.439|
a<12>          |out<33>        |   18.688|
a<12>          |out<34>        |   18.653|
a<12>          |out<35>        |   18.659|
a<12>          |out<36>        |   18.727|
a<12>          |out<37>        |   18.887|
a<12>          |out<38>        |   18.747|
a<12>          |out<39>        |   18.575|
a<12>          |out<40>        |   18.961|
a<12>          |out<41>        |   18.690|
a<12>          |out<42>        |   18.966|
a<12>          |out<43>        |   18.766|
a<12>          |out<44>        |   18.785|
a<12>          |out<45>        |   19.138|
a<12>          |out<46>        |   19.077|
a<12>          |out<47>        |   19.034|
a<13>          |out<0>         |   18.240|
a<13>          |out<1>         |   18.098|
a<13>          |out<2>         |   18.116|
a<13>          |out<3>         |   18.134|
a<13>          |out<4>         |   18.114|
a<13>          |out<5>         |   18.081|
a<13>          |out<6>         |   18.178|
a<13>          |out<7>         |   18.084|
a<13>          |out<8>         |   17.912|
a<13>          |out<9>         |   18.044|
a<13>          |out<10>        |   17.947|
a<13>          |out<11>        |   17.768|
a<13>          |out<12>        |   17.878|
a<13>          |out<13>        |   17.683|
a<13>          |out<14>        |   17.982|
a<13>          |out<15>        |   17.528|
a<13>          |out<16>        |   17.908|
a<13>          |out<17>        |   17.969|
a<13>          |out<18>        |   18.001|
a<13>          |out<19>        |   17.753|
a<13>          |out<20>        |   17.929|
a<13>          |out<21>        |   17.926|
a<13>          |out<22>        |   18.358|
a<13>          |out<23>        |   17.960|
a<13>          |out<24>        |   18.213|
a<13>          |out<25>        |   17.775|
a<13>          |out<26>        |   18.202|
a<13>          |out<27>        |   17.785|
a<13>          |out<28>        |   18.008|
a<13>          |out<29>        |   17.831|
a<13>          |out<30>        |   18.342|
a<13>          |out<31>        |   18.312|
a<13>          |out<32>        |   18.121|
a<13>          |out<33>        |   18.370|
a<13>          |out<34>        |   18.335|
a<13>          |out<35>        |   18.341|
a<13>          |out<36>        |   18.409|
a<13>          |out<37>        |   18.569|
a<13>          |out<38>        |   18.429|
a<13>          |out<39>        |   18.257|
a<13>          |out<40>        |   18.643|
a<13>          |out<41>        |   18.372|
a<13>          |out<42>        |   18.648|
a<13>          |out<43>        |   18.448|
a<13>          |out<44>        |   18.467|
a<13>          |out<45>        |   18.820|
a<13>          |out<46>        |   18.759|
a<13>          |out<47>        |   18.716|
a<14>          |out<0>         |   18.277|
a<14>          |out<1>         |   18.135|
a<14>          |out<2>         |   18.153|
a<14>          |out<3>         |   18.171|
a<14>          |out<4>         |   18.151|
a<14>          |out<5>         |   18.118|
a<14>          |out<6>         |   18.215|
a<14>          |out<7>         |   18.121|
a<14>          |out<8>         |   17.949|
a<14>          |out<9>         |   18.081|
a<14>          |out<10>        |   17.984|
a<14>          |out<11>        |   17.805|
a<14>          |out<12>        |   17.915|
a<14>          |out<13>        |   17.720|
a<14>          |out<14>        |   18.019|
a<14>          |out<15>        |   17.565|
a<14>          |out<16>        |   17.945|
a<14>          |out<17>        |   18.006|
a<14>          |out<18>        |   18.038|
a<14>          |out<19>        |   17.790|
a<14>          |out<20>        |   17.966|
a<14>          |out<21>        |   17.963|
a<14>          |out<22>        |   18.395|
a<14>          |out<23>        |   17.997|
a<14>          |out<24>        |   18.250|
a<14>          |out<25>        |   17.812|
a<14>          |out<26>        |   18.239|
a<14>          |out<27>        |   17.822|
a<14>          |out<28>        |   18.045|
a<14>          |out<29>        |   17.868|
a<14>          |out<30>        |   18.379|
a<14>          |out<31>        |   18.349|
a<14>          |out<32>        |   18.158|
a<14>          |out<33>        |   18.407|
a<14>          |out<34>        |   18.372|
a<14>          |out<35>        |   18.378|
a<14>          |out<36>        |   18.446|
a<14>          |out<37>        |   18.606|
a<14>          |out<38>        |   18.466|
a<14>          |out<39>        |   18.294|
a<14>          |out<40>        |   18.680|
a<14>          |out<41>        |   18.409|
a<14>          |out<42>        |   18.685|
a<14>          |out<43>        |   18.485|
a<14>          |out<44>        |   18.504|
a<14>          |out<45>        |   18.857|
a<14>          |out<46>        |   18.796|
a<14>          |out<47>        |   18.753|
a<15>          |out<0>         |   18.020|
a<15>          |out<1>         |   17.878|
a<15>          |out<2>         |   17.896|
a<15>          |out<3>         |   17.914|
a<15>          |out<4>         |   17.894|
a<15>          |out<5>         |   17.861|
a<15>          |out<6>         |   17.958|
a<15>          |out<7>         |   17.864|
a<15>          |out<8>         |   17.692|
a<15>          |out<9>         |   17.824|
a<15>          |out<10>        |   17.727|
a<15>          |out<11>        |   17.548|
a<15>          |out<12>        |   17.658|
a<15>          |out<13>        |   17.463|
a<15>          |out<14>        |   17.762|
a<15>          |out<15>        |   17.308|
a<15>          |out<16>        |   17.688|
a<15>          |out<17>        |   17.749|
a<15>          |out<18>        |   17.781|
a<15>          |out<19>        |   17.533|
a<15>          |out<20>        |   17.709|
a<15>          |out<21>        |   17.706|
a<15>          |out<22>        |   18.138|
a<15>          |out<23>        |   17.740|
a<15>          |out<24>        |   17.993|
a<15>          |out<25>        |   17.555|
a<15>          |out<26>        |   17.982|
a<15>          |out<27>        |   17.565|
a<15>          |out<28>        |   17.788|
a<15>          |out<29>        |   17.611|
a<15>          |out<30>        |   18.122|
a<15>          |out<31>        |   18.092|
a<15>          |out<32>        |   17.901|
a<15>          |out<33>        |   18.150|
a<15>          |out<34>        |   18.115|
a<15>          |out<35>        |   18.121|
a<15>          |out<36>        |   18.189|
a<15>          |out<37>        |   18.349|
a<15>          |out<38>        |   18.209|
a<15>          |out<39>        |   18.037|
a<15>          |out<40>        |   18.423|
a<15>          |out<41>        |   18.152|
a<15>          |out<42>        |   18.428|
a<15>          |out<43>        |   18.228|
a<15>          |out<44>        |   18.247|
a<15>          |out<45>        |   18.600|
a<15>          |out<46>        |   18.539|
a<15>          |out<47>        |   18.496|
a<16>          |out<0>         |   18.092|
a<16>          |out<1>         |   17.950|
a<16>          |out<2>         |   17.968|
a<16>          |out<3>         |   17.986|
a<16>          |out<4>         |   17.966|
a<16>          |out<5>         |   17.933|
a<16>          |out<6>         |   18.030|
a<16>          |out<7>         |   17.936|
a<16>          |out<8>         |   17.764|
a<16>          |out<9>         |   17.896|
a<16>          |out<10>        |   17.799|
a<16>          |out<11>        |   17.620|
a<16>          |out<12>        |   17.730|
a<16>          |out<13>        |   17.535|
a<16>          |out<14>        |   17.834|
a<16>          |out<15>        |   17.380|
a<16>          |out<16>        |   17.760|
a<16>          |out<17>        |   17.821|
a<16>          |out<18>        |   17.853|
a<16>          |out<19>        |   17.605|
a<16>          |out<20>        |   17.781|
a<16>          |out<21>        |   17.778|
a<16>          |out<22>        |   18.210|
a<16>          |out<23>        |   17.812|
a<16>          |out<24>        |   18.065|
a<16>          |out<25>        |   17.627|
a<16>          |out<26>        |   18.054|
a<16>          |out<27>        |   17.637|
a<16>          |out<28>        |   17.860|
a<16>          |out<29>        |   17.683|
a<16>          |out<30>        |   18.194|
a<16>          |out<31>        |   18.164|
a<16>          |out<32>        |   17.973|
a<16>          |out<33>        |   18.222|
a<16>          |out<34>        |   18.187|
a<16>          |out<35>        |   18.193|
a<16>          |out<36>        |   18.261|
a<16>          |out<37>        |   18.421|
a<16>          |out<38>        |   18.281|
a<16>          |out<39>        |   18.109|
a<16>          |out<40>        |   18.495|
a<16>          |out<41>        |   18.224|
a<16>          |out<42>        |   18.500|
a<16>          |out<43>        |   18.300|
a<16>          |out<44>        |   18.319|
a<16>          |out<45>        |   18.672|
a<16>          |out<46>        |   18.611|
a<16>          |out<47>        |   18.568|
a<17>          |out<0>         |   17.644|
a<17>          |out<1>         |   17.502|
a<17>          |out<2>         |   17.520|
a<17>          |out<3>         |   17.538|
a<17>          |out<4>         |   17.518|
a<17>          |out<5>         |   17.485|
a<17>          |out<6>         |   17.582|
a<17>          |out<7>         |   17.488|
a<17>          |out<8>         |   17.316|
a<17>          |out<9>         |   17.448|
a<17>          |out<10>        |   17.351|
a<17>          |out<11>        |   17.172|
a<17>          |out<12>        |   17.282|
a<17>          |out<13>        |   17.087|
a<17>          |out<14>        |   17.386|
a<17>          |out<15>        |   16.932|
a<17>          |out<16>        |   17.312|
a<17>          |out<17>        |   17.373|
a<17>          |out<18>        |   17.405|
a<17>          |out<19>        |   17.157|
a<17>          |out<20>        |   17.333|
a<17>          |out<21>        |   17.330|
a<17>          |out<22>        |   17.762|
a<17>          |out<23>        |   17.364|
a<17>          |out<24>        |   17.617|
a<17>          |out<25>        |   17.179|
a<17>          |out<26>        |   17.606|
a<17>          |out<27>        |   17.189|
a<17>          |out<28>        |   17.412|
a<17>          |out<29>        |   17.235|
a<17>          |out<30>        |   17.746|
a<17>          |out<31>        |   17.716|
a<17>          |out<32>        |   17.525|
a<17>          |out<33>        |   17.774|
a<17>          |out<34>        |   17.739|
a<17>          |out<35>        |   17.745|
a<17>          |out<36>        |   17.813|
a<17>          |out<37>        |   17.973|
a<17>          |out<38>        |   17.833|
a<17>          |out<39>        |   17.661|
a<17>          |out<40>        |   18.047|
a<17>          |out<41>        |   17.776|
a<17>          |out<42>        |   18.052|
a<17>          |out<43>        |   17.852|
a<17>          |out<44>        |   17.871|
a<17>          |out<45>        |   18.224|
a<17>          |out<46>        |   18.163|
a<17>          |out<47>        |   18.120|
b<0>           |out<0>         |   18.470|
b<0>           |out<1>         |   18.328|
b<0>           |out<2>         |   18.346|
b<0>           |out<3>         |   18.364|
b<0>           |out<4>         |   18.344|
b<0>           |out<5>         |   18.311|
b<0>           |out<6>         |   18.408|
b<0>           |out<7>         |   18.314|
b<0>           |out<8>         |   18.142|
b<0>           |out<9>         |   18.274|
b<0>           |out<10>        |   18.177|
b<0>           |out<11>        |   17.998|
b<0>           |out<12>        |   18.108|
b<0>           |out<13>        |   17.913|
b<0>           |out<14>        |   18.212|
b<0>           |out<15>        |   17.758|
b<0>           |out<16>        |   18.138|
b<0>           |out<17>        |   18.199|
b<0>           |out<18>        |   18.231|
b<0>           |out<19>        |   17.983|
b<0>           |out<20>        |   18.159|
b<0>           |out<21>        |   18.156|
b<0>           |out<22>        |   18.588|
b<0>           |out<23>        |   18.190|
b<0>           |out<24>        |   18.443|
b<0>           |out<25>        |   18.005|
b<0>           |out<26>        |   18.432|
b<0>           |out<27>        |   18.015|
b<0>           |out<28>        |   18.238|
b<0>           |out<29>        |   18.061|
b<0>           |out<30>        |   18.572|
b<0>           |out<31>        |   18.542|
b<0>           |out<32>        |   18.351|
b<0>           |out<33>        |   18.600|
b<0>           |out<34>        |   18.565|
b<0>           |out<35>        |   18.571|
b<0>           |out<36>        |   18.639|
b<0>           |out<37>        |   18.799|
b<0>           |out<38>        |   18.659|
b<0>           |out<39>        |   18.487|
b<0>           |out<40>        |   18.873|
b<0>           |out<41>        |   18.602|
b<0>           |out<42>        |   18.878|
b<0>           |out<43>        |   18.678|
b<0>           |out<44>        |   18.697|
b<0>           |out<45>        |   19.050|
b<0>           |out<46>        |   18.989|
b<0>           |out<47>        |   18.946|
b<1>           |out<0>         |   17.949|
b<1>           |out<1>         |   17.807|
b<1>           |out<2>         |   17.825|
b<1>           |out<3>         |   17.843|
b<1>           |out<4>         |   17.823|
b<1>           |out<5>         |   17.790|
b<1>           |out<6>         |   17.887|
b<1>           |out<7>         |   17.793|
b<1>           |out<8>         |   17.621|
b<1>           |out<9>         |   17.753|
b<1>           |out<10>        |   17.656|
b<1>           |out<11>        |   17.477|
b<1>           |out<12>        |   17.587|
b<1>           |out<13>        |   17.392|
b<1>           |out<14>        |   17.691|
b<1>           |out<15>        |   17.237|
b<1>           |out<16>        |   17.617|
b<1>           |out<17>        |   17.678|
b<1>           |out<18>        |   17.710|
b<1>           |out<19>        |   17.462|
b<1>           |out<20>        |   17.638|
b<1>           |out<21>        |   17.635|
b<1>           |out<22>        |   18.067|
b<1>           |out<23>        |   17.669|
b<1>           |out<24>        |   17.922|
b<1>           |out<25>        |   17.484|
b<1>           |out<26>        |   17.911|
b<1>           |out<27>        |   17.494|
b<1>           |out<28>        |   17.717|
b<1>           |out<29>        |   17.540|
b<1>           |out<30>        |   18.051|
b<1>           |out<31>        |   18.021|
b<1>           |out<32>        |   17.830|
b<1>           |out<33>        |   18.079|
b<1>           |out<34>        |   18.044|
b<1>           |out<35>        |   18.050|
b<1>           |out<36>        |   18.118|
b<1>           |out<37>        |   18.278|
b<1>           |out<38>        |   18.138|
b<1>           |out<39>        |   17.966|
b<1>           |out<40>        |   18.352|
b<1>           |out<41>        |   18.081|
b<1>           |out<42>        |   18.357|
b<1>           |out<43>        |   18.157|
b<1>           |out<44>        |   18.176|
b<1>           |out<45>        |   18.529|
b<1>           |out<46>        |   18.468|
b<1>           |out<47>        |   18.425|
b<2>           |out<0>         |   17.855|
b<2>           |out<1>         |   17.713|
b<2>           |out<2>         |   17.731|
b<2>           |out<3>         |   17.749|
b<2>           |out<4>         |   17.729|
b<2>           |out<5>         |   17.696|
b<2>           |out<6>         |   17.793|
b<2>           |out<7>         |   17.699|
b<2>           |out<8>         |   17.527|
b<2>           |out<9>         |   17.659|
b<2>           |out<10>        |   17.562|
b<2>           |out<11>        |   17.383|
b<2>           |out<12>        |   17.493|
b<2>           |out<13>        |   17.298|
b<2>           |out<14>        |   17.597|
b<2>           |out<15>        |   17.143|
b<2>           |out<16>        |   17.523|
b<2>           |out<17>        |   17.584|
b<2>           |out<18>        |   17.616|
b<2>           |out<19>        |   17.368|
b<2>           |out<20>        |   17.544|
b<2>           |out<21>        |   17.541|
b<2>           |out<22>        |   17.973|
b<2>           |out<23>        |   17.575|
b<2>           |out<24>        |   17.828|
b<2>           |out<25>        |   17.390|
b<2>           |out<26>        |   17.817|
b<2>           |out<27>        |   17.400|
b<2>           |out<28>        |   17.623|
b<2>           |out<29>        |   17.446|
b<2>           |out<30>        |   17.957|
b<2>           |out<31>        |   17.927|
b<2>           |out<32>        |   17.736|
b<2>           |out<33>        |   17.985|
b<2>           |out<34>        |   17.950|
b<2>           |out<35>        |   17.956|
b<2>           |out<36>        |   18.024|
b<2>           |out<37>        |   18.184|
b<2>           |out<38>        |   18.044|
b<2>           |out<39>        |   17.872|
b<2>           |out<40>        |   18.258|
b<2>           |out<41>        |   17.987|
b<2>           |out<42>        |   18.263|
b<2>           |out<43>        |   18.063|
b<2>           |out<44>        |   18.082|
b<2>           |out<45>        |   18.435|
b<2>           |out<46>        |   18.374|
b<2>           |out<47>        |   18.331|
b<3>           |out<0>         |   17.893|
b<3>           |out<1>         |   17.751|
b<3>           |out<2>         |   17.769|
b<3>           |out<3>         |   17.787|
b<3>           |out<4>         |   17.767|
b<3>           |out<5>         |   17.734|
b<3>           |out<6>         |   17.831|
b<3>           |out<7>         |   17.737|
b<3>           |out<8>         |   17.565|
b<3>           |out<9>         |   17.697|
b<3>           |out<10>        |   17.600|
b<3>           |out<11>        |   17.421|
b<3>           |out<12>        |   17.531|
b<3>           |out<13>        |   17.336|
b<3>           |out<14>        |   17.635|
b<3>           |out<15>        |   17.181|
b<3>           |out<16>        |   17.561|
b<3>           |out<17>        |   17.622|
b<3>           |out<18>        |   17.654|
b<3>           |out<19>        |   17.406|
b<3>           |out<20>        |   17.582|
b<3>           |out<21>        |   17.579|
b<3>           |out<22>        |   18.011|
b<3>           |out<23>        |   17.613|
b<3>           |out<24>        |   17.866|
b<3>           |out<25>        |   17.428|
b<3>           |out<26>        |   17.855|
b<3>           |out<27>        |   17.438|
b<3>           |out<28>        |   17.661|
b<3>           |out<29>        |   17.484|
b<3>           |out<30>        |   17.995|
b<3>           |out<31>        |   17.965|
b<3>           |out<32>        |   17.774|
b<3>           |out<33>        |   18.023|
b<3>           |out<34>        |   17.988|
b<3>           |out<35>        |   17.994|
b<3>           |out<36>        |   18.062|
b<3>           |out<37>        |   18.222|
b<3>           |out<38>        |   18.082|
b<3>           |out<39>        |   17.910|
b<3>           |out<40>        |   18.296|
b<3>           |out<41>        |   18.025|
b<3>           |out<42>        |   18.301|
b<3>           |out<43>        |   18.101|
b<3>           |out<44>        |   18.120|
b<3>           |out<45>        |   18.473|
b<3>           |out<46>        |   18.412|
b<3>           |out<47>        |   18.369|
b<4>           |out<0>         |   17.843|
b<4>           |out<1>         |   17.701|
b<4>           |out<2>         |   17.719|
b<4>           |out<3>         |   17.737|
b<4>           |out<4>         |   17.717|
b<4>           |out<5>         |   17.684|
b<4>           |out<6>         |   17.781|
b<4>           |out<7>         |   17.687|
b<4>           |out<8>         |   17.515|
b<4>           |out<9>         |   17.647|
b<4>           |out<10>        |   17.550|
b<4>           |out<11>        |   17.371|
b<4>           |out<12>        |   17.481|
b<4>           |out<13>        |   17.286|
b<4>           |out<14>        |   17.585|
b<4>           |out<15>        |   17.131|
b<4>           |out<16>        |   17.511|
b<4>           |out<17>        |   17.572|
b<4>           |out<18>        |   17.604|
b<4>           |out<19>        |   17.356|
b<4>           |out<20>        |   17.532|
b<4>           |out<21>        |   17.529|
b<4>           |out<22>        |   17.961|
b<4>           |out<23>        |   17.563|
b<4>           |out<24>        |   17.816|
b<4>           |out<25>        |   17.378|
b<4>           |out<26>        |   17.805|
b<4>           |out<27>        |   17.388|
b<4>           |out<28>        |   17.611|
b<4>           |out<29>        |   17.434|
b<4>           |out<30>        |   17.945|
b<4>           |out<31>        |   17.915|
b<4>           |out<32>        |   17.724|
b<4>           |out<33>        |   17.973|
b<4>           |out<34>        |   17.938|
b<4>           |out<35>        |   17.944|
b<4>           |out<36>        |   18.012|
b<4>           |out<37>        |   18.172|
b<4>           |out<38>        |   18.032|
b<4>           |out<39>        |   17.860|
b<4>           |out<40>        |   18.246|
b<4>           |out<41>        |   17.975|
b<4>           |out<42>        |   18.251|
b<4>           |out<43>        |   18.051|
b<4>           |out<44>        |   18.070|
b<4>           |out<45>        |   18.423|
b<4>           |out<46>        |   18.362|
b<4>           |out<47>        |   18.319|
b<5>           |out<0>         |   17.526|
b<5>           |out<1>         |   17.384|
b<5>           |out<2>         |   17.402|
b<5>           |out<3>         |   17.420|
b<5>           |out<4>         |   17.400|
b<5>           |out<5>         |   17.367|
b<5>           |out<6>         |   17.464|
b<5>           |out<7>         |   17.370|
b<5>           |out<8>         |   17.198|
b<5>           |out<9>         |   17.330|
b<5>           |out<10>        |   17.233|
b<5>           |out<11>        |   17.054|
b<5>           |out<12>        |   17.164|
b<5>           |out<13>        |   16.969|
b<5>           |out<14>        |   17.268|
b<5>           |out<15>        |   16.814|
b<5>           |out<16>        |   17.194|
b<5>           |out<17>        |   17.255|
b<5>           |out<18>        |   17.287|
b<5>           |out<19>        |   17.039|
b<5>           |out<20>        |   17.215|
b<5>           |out<21>        |   17.212|
b<5>           |out<22>        |   17.644|
b<5>           |out<23>        |   17.246|
b<5>           |out<24>        |   17.499|
b<5>           |out<25>        |   17.061|
b<5>           |out<26>        |   17.488|
b<5>           |out<27>        |   17.071|
b<5>           |out<28>        |   17.294|
b<5>           |out<29>        |   17.117|
b<5>           |out<30>        |   17.628|
b<5>           |out<31>        |   17.598|
b<5>           |out<32>        |   17.407|
b<5>           |out<33>        |   17.656|
b<5>           |out<34>        |   17.621|
b<5>           |out<35>        |   17.627|
b<5>           |out<36>        |   17.695|
b<5>           |out<37>        |   17.855|
b<5>           |out<38>        |   17.715|
b<5>           |out<39>        |   17.543|
b<5>           |out<40>        |   17.929|
b<5>           |out<41>        |   17.658|
b<5>           |out<42>        |   17.934|
b<5>           |out<43>        |   17.734|
b<5>           |out<44>        |   17.753|
b<5>           |out<45>        |   18.106|
b<5>           |out<46>        |   18.045|
b<5>           |out<47>        |   18.002|
b<6>           |out<0>         |   17.635|
b<6>           |out<1>         |   17.493|
b<6>           |out<2>         |   17.511|
b<6>           |out<3>         |   17.529|
b<6>           |out<4>         |   17.509|
b<6>           |out<5>         |   17.476|
b<6>           |out<6>         |   17.573|
b<6>           |out<7>         |   17.479|
b<6>           |out<8>         |   17.307|
b<6>           |out<9>         |   17.439|
b<6>           |out<10>        |   17.342|
b<6>           |out<11>        |   17.163|
b<6>           |out<12>        |   17.273|
b<6>           |out<13>        |   17.078|
b<6>           |out<14>        |   17.377|
b<6>           |out<15>        |   16.923|
b<6>           |out<16>        |   17.303|
b<6>           |out<17>        |   17.364|
b<6>           |out<18>        |   17.396|
b<6>           |out<19>        |   17.148|
b<6>           |out<20>        |   17.324|
b<6>           |out<21>        |   17.321|
b<6>           |out<22>        |   17.753|
b<6>           |out<23>        |   17.355|
b<6>           |out<24>        |   17.608|
b<6>           |out<25>        |   17.170|
b<6>           |out<26>        |   17.597|
b<6>           |out<27>        |   17.180|
b<6>           |out<28>        |   17.403|
b<6>           |out<29>        |   17.226|
b<6>           |out<30>        |   17.737|
b<6>           |out<31>        |   17.707|
b<6>           |out<32>        |   17.516|
b<6>           |out<33>        |   17.765|
b<6>           |out<34>        |   17.730|
b<6>           |out<35>        |   17.736|
b<6>           |out<36>        |   17.804|
b<6>           |out<37>        |   17.964|
b<6>           |out<38>        |   17.824|
b<6>           |out<39>        |   17.652|
b<6>           |out<40>        |   18.038|
b<6>           |out<41>        |   17.767|
b<6>           |out<42>        |   18.043|
b<6>           |out<43>        |   17.843|
b<6>           |out<44>        |   17.862|
b<6>           |out<45>        |   18.215|
b<6>           |out<46>        |   18.154|
b<6>           |out<47>        |   18.111|
b<7>           |out<0>         |   16.789|
b<7>           |out<1>         |   16.647|
b<7>           |out<2>         |   16.665|
b<7>           |out<3>         |   16.683|
b<7>           |out<4>         |   16.663|
b<7>           |out<5>         |   16.630|
b<7>           |out<6>         |   16.727|
b<7>           |out<7>         |   16.633|
b<7>           |out<8>         |   16.461|
b<7>           |out<9>         |   16.593|
b<7>           |out<10>        |   16.496|
b<7>           |out<11>        |   16.317|
b<7>           |out<12>        |   16.427|
b<7>           |out<13>        |   16.232|
b<7>           |out<14>        |   16.531|
b<7>           |out<15>        |   16.077|
b<7>           |out<16>        |   16.457|
b<7>           |out<17>        |   16.518|
b<7>           |out<18>        |   16.550|
b<7>           |out<19>        |   16.302|
b<7>           |out<20>        |   16.478|
b<7>           |out<21>        |   16.475|
b<7>           |out<22>        |   16.907|
b<7>           |out<23>        |   16.509|
b<7>           |out<24>        |   16.762|
b<7>           |out<25>        |   16.324|
b<7>           |out<26>        |   16.751|
b<7>           |out<27>        |   16.334|
b<7>           |out<28>        |   16.557|
b<7>           |out<29>        |   16.380|
b<7>           |out<30>        |   16.891|
b<7>           |out<31>        |   16.861|
b<7>           |out<32>        |   16.670|
b<7>           |out<33>        |   16.919|
b<7>           |out<34>        |   16.884|
b<7>           |out<35>        |   16.890|
b<7>           |out<36>        |   16.958|
b<7>           |out<37>        |   17.118|
b<7>           |out<38>        |   16.978|
b<7>           |out<39>        |   16.806|
b<7>           |out<40>        |   17.192|
b<7>           |out<41>        |   16.921|
b<7>           |out<42>        |   17.197|
b<7>           |out<43>        |   16.997|
b<7>           |out<44>        |   17.016|
b<7>           |out<45>        |   17.369|
b<7>           |out<46>        |   17.308|
b<7>           |out<47>        |   17.265|
b<8>           |out<0>         |   17.159|
b<8>           |out<1>         |   17.017|
b<8>           |out<2>         |   17.035|
b<8>           |out<3>         |   17.053|
b<8>           |out<4>         |   17.033|
b<8>           |out<5>         |   17.000|
b<8>           |out<6>         |   17.097|
b<8>           |out<7>         |   17.003|
b<8>           |out<8>         |   16.831|
b<8>           |out<9>         |   16.963|
b<8>           |out<10>        |   16.866|
b<8>           |out<11>        |   16.687|
b<8>           |out<12>        |   16.797|
b<8>           |out<13>        |   16.602|
b<8>           |out<14>        |   16.901|
b<8>           |out<15>        |   16.447|
b<8>           |out<16>        |   16.827|
b<8>           |out<17>        |   16.888|
b<8>           |out<18>        |   16.920|
b<8>           |out<19>        |   16.672|
b<8>           |out<20>        |   16.848|
b<8>           |out<21>        |   16.845|
b<8>           |out<22>        |   17.277|
b<8>           |out<23>        |   16.879|
b<8>           |out<24>        |   17.132|
b<8>           |out<25>        |   16.694|
b<8>           |out<26>        |   17.121|
b<8>           |out<27>        |   16.704|
b<8>           |out<28>        |   16.927|
b<8>           |out<29>        |   16.750|
b<8>           |out<30>        |   17.261|
b<8>           |out<31>        |   17.231|
b<8>           |out<32>        |   17.040|
b<8>           |out<33>        |   17.289|
b<8>           |out<34>        |   17.254|
b<8>           |out<35>        |   17.260|
b<8>           |out<36>        |   17.328|
b<8>           |out<37>        |   17.488|
b<8>           |out<38>        |   17.348|
b<8>           |out<39>        |   17.176|
b<8>           |out<40>        |   17.562|
b<8>           |out<41>        |   17.291|
b<8>           |out<42>        |   17.567|
b<8>           |out<43>        |   17.367|
b<8>           |out<44>        |   17.386|
b<8>           |out<45>        |   17.739|
b<8>           |out<46>        |   17.678|
b<8>           |out<47>        |   17.635|
b<9>           |out<0>         |   16.943|
b<9>           |out<1>         |   16.801|
b<9>           |out<2>         |   16.819|
b<9>           |out<3>         |   16.837|
b<9>           |out<4>         |   16.817|
b<9>           |out<5>         |   16.784|
b<9>           |out<6>         |   16.881|
b<9>           |out<7>         |   16.787|
b<9>           |out<8>         |   16.615|
b<9>           |out<9>         |   16.747|
b<9>           |out<10>        |   16.650|
b<9>           |out<11>        |   16.471|
b<9>           |out<12>        |   16.581|
b<9>           |out<13>        |   16.386|
b<9>           |out<14>        |   16.685|
b<9>           |out<15>        |   16.231|
b<9>           |out<16>        |   16.611|
b<9>           |out<17>        |   16.672|
b<9>           |out<18>        |   16.704|
b<9>           |out<19>        |   16.456|
b<9>           |out<20>        |   16.632|
b<9>           |out<21>        |   16.629|
b<9>           |out<22>        |   17.061|
b<9>           |out<23>        |   16.663|
b<9>           |out<24>        |   16.916|
b<9>           |out<25>        |   16.478|
b<9>           |out<26>        |   16.905|
b<9>           |out<27>        |   16.488|
b<9>           |out<28>        |   16.711|
b<9>           |out<29>        |   16.534|
b<9>           |out<30>        |   17.045|
b<9>           |out<31>        |   17.015|
b<9>           |out<32>        |   16.824|
b<9>           |out<33>        |   17.073|
b<9>           |out<34>        |   17.038|
b<9>           |out<35>        |   17.044|
b<9>           |out<36>        |   17.112|
b<9>           |out<37>        |   17.272|
b<9>           |out<38>        |   17.132|
b<9>           |out<39>        |   16.960|
b<9>           |out<40>        |   17.346|
b<9>           |out<41>        |   17.075|
b<9>           |out<42>        |   17.351|
b<9>           |out<43>        |   17.151|
b<9>           |out<44>        |   17.170|
b<9>           |out<45>        |   17.523|
b<9>           |out<46>        |   17.462|
b<9>           |out<47>        |   17.419|
b<10>          |out<0>         |   17.087|
b<10>          |out<1>         |   16.945|
b<10>          |out<2>         |   16.963|
b<10>          |out<3>         |   16.981|
b<10>          |out<4>         |   16.961|
b<10>          |out<5>         |   16.928|
b<10>          |out<6>         |   17.025|
b<10>          |out<7>         |   16.931|
b<10>          |out<8>         |   16.759|
b<10>          |out<9>         |   16.891|
b<10>          |out<10>        |   16.794|
b<10>          |out<11>        |   16.615|
b<10>          |out<12>        |   16.725|
b<10>          |out<13>        |   16.530|
b<10>          |out<14>        |   16.829|
b<10>          |out<15>        |   16.375|
b<10>          |out<16>        |   16.755|
b<10>          |out<17>        |   16.816|
b<10>          |out<18>        |   16.848|
b<10>          |out<19>        |   16.600|
b<10>          |out<20>        |   16.776|
b<10>          |out<21>        |   16.773|
b<10>          |out<22>        |   17.205|
b<10>          |out<23>        |   16.807|
b<10>          |out<24>        |   17.060|
b<10>          |out<25>        |   16.622|
b<10>          |out<26>        |   17.049|
b<10>          |out<27>        |   16.632|
b<10>          |out<28>        |   16.855|
b<10>          |out<29>        |   16.678|
b<10>          |out<30>        |   17.189|
b<10>          |out<31>        |   17.159|
b<10>          |out<32>        |   16.968|
b<10>          |out<33>        |   17.217|
b<10>          |out<34>        |   17.182|
b<10>          |out<35>        |   17.188|
b<10>          |out<36>        |   17.256|
b<10>          |out<37>        |   17.416|
b<10>          |out<38>        |   17.276|
b<10>          |out<39>        |   17.104|
b<10>          |out<40>        |   17.490|
b<10>          |out<41>        |   17.219|
b<10>          |out<42>        |   17.495|
b<10>          |out<43>        |   17.295|
b<10>          |out<44>        |   17.314|
b<10>          |out<45>        |   17.667|
b<10>          |out<46>        |   17.606|
b<10>          |out<47>        |   17.563|
b<11>          |out<0>         |   16.764|
b<11>          |out<1>         |   16.622|
b<11>          |out<2>         |   16.640|
b<11>          |out<3>         |   16.658|
b<11>          |out<4>         |   16.638|
b<11>          |out<5>         |   16.605|
b<11>          |out<6>         |   16.702|
b<11>          |out<7>         |   16.608|
b<11>          |out<8>         |   16.436|
b<11>          |out<9>         |   16.568|
b<11>          |out<10>        |   16.471|
b<11>          |out<11>        |   16.292|
b<11>          |out<12>        |   16.402|
b<11>          |out<13>        |   16.207|
b<11>          |out<14>        |   16.506|
b<11>          |out<15>        |   16.052|
b<11>          |out<16>        |   16.432|
b<11>          |out<17>        |   16.493|
b<11>          |out<18>        |   16.525|
b<11>          |out<19>        |   16.277|
b<11>          |out<20>        |   16.453|
b<11>          |out<21>        |   16.450|
b<11>          |out<22>        |   16.882|
b<11>          |out<23>        |   16.484|
b<11>          |out<24>        |   16.737|
b<11>          |out<25>        |   16.299|
b<11>          |out<26>        |   16.726|
b<11>          |out<27>        |   16.309|
b<11>          |out<28>        |   16.532|
b<11>          |out<29>        |   16.355|
b<11>          |out<30>        |   16.866|
b<11>          |out<31>        |   16.836|
b<11>          |out<32>        |   16.645|
b<11>          |out<33>        |   16.894|
b<11>          |out<34>        |   16.859|
b<11>          |out<35>        |   16.865|
b<11>          |out<36>        |   16.933|
b<11>          |out<37>        |   17.093|
b<11>          |out<38>        |   16.953|
b<11>          |out<39>        |   16.781|
b<11>          |out<40>        |   17.167|
b<11>          |out<41>        |   16.896|
b<11>          |out<42>        |   17.172|
b<11>          |out<43>        |   16.972|
b<11>          |out<44>        |   16.991|
b<11>          |out<45>        |   17.344|
b<11>          |out<46>        |   17.283|
b<11>          |out<47>        |   17.240|
b<12>          |out<0>         |   16.979|
b<12>          |out<1>         |   16.837|
b<12>          |out<2>         |   16.855|
b<12>          |out<3>         |   16.873|
b<12>          |out<4>         |   16.853|
b<12>          |out<5>         |   16.820|
b<12>          |out<6>         |   16.917|
b<12>          |out<7>         |   16.823|
b<12>          |out<8>         |   16.651|
b<12>          |out<9>         |   16.783|
b<12>          |out<10>        |   16.686|
b<12>          |out<11>        |   16.507|
b<12>          |out<12>        |   16.617|
b<12>          |out<13>        |   16.422|
b<12>          |out<14>        |   16.721|
b<12>          |out<15>        |   16.267|
b<12>          |out<16>        |   16.647|
b<12>          |out<17>        |   16.708|
b<12>          |out<18>        |   16.740|
b<12>          |out<19>        |   16.492|
b<12>          |out<20>        |   16.668|
b<12>          |out<21>        |   16.665|
b<12>          |out<22>        |   17.097|
b<12>          |out<23>        |   16.699|
b<12>          |out<24>        |   16.952|
b<12>          |out<25>        |   16.514|
b<12>          |out<26>        |   16.941|
b<12>          |out<27>        |   16.524|
b<12>          |out<28>        |   16.747|
b<12>          |out<29>        |   16.570|
b<12>          |out<30>        |   17.081|
b<12>          |out<31>        |   17.051|
b<12>          |out<32>        |   16.860|
b<12>          |out<33>        |   17.109|
b<12>          |out<34>        |   17.074|
b<12>          |out<35>        |   17.080|
b<12>          |out<36>        |   17.148|
b<12>          |out<37>        |   17.308|
b<12>          |out<38>        |   17.168|
b<12>          |out<39>        |   16.996|
b<12>          |out<40>        |   17.382|
b<12>          |out<41>        |   17.111|
b<12>          |out<42>        |   17.387|
b<12>          |out<43>        |   17.187|
b<12>          |out<44>        |   17.206|
b<12>          |out<45>        |   17.559|
b<12>          |out<46>        |   17.498|
b<12>          |out<47>        |   17.455|
b<13>          |out<0>         |   16.795|
b<13>          |out<1>         |   16.653|
b<13>          |out<2>         |   16.671|
b<13>          |out<3>         |   16.689|
b<13>          |out<4>         |   16.669|
b<13>          |out<5>         |   16.636|
b<13>          |out<6>         |   16.733|
b<13>          |out<7>         |   16.639|
b<13>          |out<8>         |   16.467|
b<13>          |out<9>         |   16.599|
b<13>          |out<10>        |   16.502|
b<13>          |out<11>        |   16.323|
b<13>          |out<12>        |   16.433|
b<13>          |out<13>        |   16.238|
b<13>          |out<14>        |   16.537|
b<13>          |out<15>        |   16.083|
b<13>          |out<16>        |   16.463|
b<13>          |out<17>        |   16.524|
b<13>          |out<18>        |   16.556|
b<13>          |out<19>        |   16.308|
b<13>          |out<20>        |   16.484|
b<13>          |out<21>        |   16.481|
b<13>          |out<22>        |   16.913|
b<13>          |out<23>        |   16.515|
b<13>          |out<24>        |   16.768|
b<13>          |out<25>        |   16.330|
b<13>          |out<26>        |   16.757|
b<13>          |out<27>        |   16.340|
b<13>          |out<28>        |   16.563|
b<13>          |out<29>        |   16.386|
b<13>          |out<30>        |   16.897|
b<13>          |out<31>        |   16.867|
b<13>          |out<32>        |   16.676|
b<13>          |out<33>        |   16.925|
b<13>          |out<34>        |   16.890|
b<13>          |out<35>        |   16.896|
b<13>          |out<36>        |   16.964|
b<13>          |out<37>        |   17.124|
b<13>          |out<38>        |   16.984|
b<13>          |out<39>        |   16.812|
b<13>          |out<40>        |   17.198|
b<13>          |out<41>        |   16.927|
b<13>          |out<42>        |   17.203|
b<13>          |out<43>        |   17.003|
b<13>          |out<44>        |   17.022|
b<13>          |out<45>        |   17.375|
b<13>          |out<46>        |   17.314|
b<13>          |out<47>        |   17.271|
b<14>          |out<0>         |   17.226|
b<14>          |out<1>         |   17.084|
b<14>          |out<2>         |   17.102|
b<14>          |out<3>         |   17.120|
b<14>          |out<4>         |   17.100|
b<14>          |out<5>         |   17.067|
b<14>          |out<6>         |   17.164|
b<14>          |out<7>         |   17.070|
b<14>          |out<8>         |   16.898|
b<14>          |out<9>         |   17.030|
b<14>          |out<10>        |   16.933|
b<14>          |out<11>        |   16.754|
b<14>          |out<12>        |   16.864|
b<14>          |out<13>        |   16.669|
b<14>          |out<14>        |   16.968|
b<14>          |out<15>        |   16.514|
b<14>          |out<16>        |   16.894|
b<14>          |out<17>        |   16.955|
b<14>          |out<18>        |   16.987|
b<14>          |out<19>        |   16.739|
b<14>          |out<20>        |   16.915|
b<14>          |out<21>        |   16.912|
b<14>          |out<22>        |   17.344|
b<14>          |out<23>        |   16.946|
b<14>          |out<24>        |   17.199|
b<14>          |out<25>        |   16.761|
b<14>          |out<26>        |   17.188|
b<14>          |out<27>        |   16.771|
b<14>          |out<28>        |   16.994|
b<14>          |out<29>        |   16.817|
b<14>          |out<30>        |   17.328|
b<14>          |out<31>        |   17.298|
b<14>          |out<32>        |   17.107|
b<14>          |out<33>        |   17.356|
b<14>          |out<34>        |   17.321|
b<14>          |out<35>        |   17.327|
b<14>          |out<36>        |   17.395|
b<14>          |out<37>        |   17.555|
b<14>          |out<38>        |   17.415|
b<14>          |out<39>        |   17.243|
b<14>          |out<40>        |   17.629|
b<14>          |out<41>        |   17.358|
b<14>          |out<42>        |   17.634|
b<14>          |out<43>        |   17.434|
b<14>          |out<44>        |   17.453|
b<14>          |out<45>        |   17.806|
b<14>          |out<46>        |   17.745|
b<14>          |out<47>        |   17.702|
b<15>          |out<0>         |   16.898|
b<15>          |out<1>         |   16.756|
b<15>          |out<2>         |   16.774|
b<15>          |out<3>         |   16.792|
b<15>          |out<4>         |   16.772|
b<15>          |out<5>         |   16.739|
b<15>          |out<6>         |   16.836|
b<15>          |out<7>         |   16.742|
b<15>          |out<8>         |   16.570|
b<15>          |out<9>         |   16.702|
b<15>          |out<10>        |   16.605|
b<15>          |out<11>        |   16.426|
b<15>          |out<12>        |   16.536|
b<15>          |out<13>        |   16.341|
b<15>          |out<14>        |   16.640|
b<15>          |out<15>        |   16.186|
b<15>          |out<16>        |   16.566|
b<15>          |out<17>        |   16.627|
b<15>          |out<18>        |   16.659|
b<15>          |out<19>        |   16.411|
b<15>          |out<20>        |   16.587|
b<15>          |out<21>        |   16.584|
b<15>          |out<22>        |   17.016|
b<15>          |out<23>        |   16.618|
b<15>          |out<24>        |   16.871|
b<15>          |out<25>        |   16.433|
b<15>          |out<26>        |   16.860|
b<15>          |out<27>        |   16.443|
b<15>          |out<28>        |   16.666|
b<15>          |out<29>        |   16.489|
b<15>          |out<30>        |   17.000|
b<15>          |out<31>        |   16.970|
b<15>          |out<32>        |   16.779|
b<15>          |out<33>        |   17.028|
b<15>          |out<34>        |   16.993|
b<15>          |out<35>        |   16.999|
b<15>          |out<36>        |   17.067|
b<15>          |out<37>        |   17.227|
b<15>          |out<38>        |   17.087|
b<15>          |out<39>        |   16.915|
b<15>          |out<40>        |   17.301|
b<15>          |out<41>        |   17.030|
b<15>          |out<42>        |   17.306|
b<15>          |out<43>        |   17.106|
b<15>          |out<44>        |   17.125|
b<15>          |out<45>        |   17.478|
b<15>          |out<46>        |   17.417|
b<15>          |out<47>        |   17.374|
b<16>          |out<0>         |   16.744|
b<16>          |out<1>         |   16.602|
b<16>          |out<2>         |   16.620|
b<16>          |out<3>         |   16.638|
b<16>          |out<4>         |   16.618|
b<16>          |out<5>         |   16.585|
b<16>          |out<6>         |   16.682|
b<16>          |out<7>         |   16.588|
b<16>          |out<8>         |   16.416|
b<16>          |out<9>         |   16.548|
b<16>          |out<10>        |   16.451|
b<16>          |out<11>        |   16.272|
b<16>          |out<12>        |   16.382|
b<16>          |out<13>        |   16.187|
b<16>          |out<14>        |   16.486|
b<16>          |out<15>        |   16.032|
b<16>          |out<16>        |   16.412|
b<16>          |out<17>        |   16.473|
b<16>          |out<18>        |   16.505|
b<16>          |out<19>        |   16.257|
b<16>          |out<20>        |   16.433|
b<16>          |out<21>        |   16.430|
b<16>          |out<22>        |   16.862|
b<16>          |out<23>        |   16.464|
b<16>          |out<24>        |   16.717|
b<16>          |out<25>        |   16.279|
b<16>          |out<26>        |   16.706|
b<16>          |out<27>        |   16.289|
b<16>          |out<28>        |   16.512|
b<16>          |out<29>        |   16.335|
b<16>          |out<30>        |   16.846|
b<16>          |out<31>        |   16.816|
b<16>          |out<32>        |   16.625|
b<16>          |out<33>        |   16.874|
b<16>          |out<34>        |   16.839|
b<16>          |out<35>        |   16.845|
b<16>          |out<36>        |   16.913|
b<16>          |out<37>        |   17.073|
b<16>          |out<38>        |   16.933|
b<16>          |out<39>        |   16.761|
b<16>          |out<40>        |   17.147|
b<16>          |out<41>        |   16.876|
b<16>          |out<42>        |   17.152|
b<16>          |out<43>        |   16.952|
b<16>          |out<44>        |   16.971|
b<16>          |out<45>        |   17.324|
b<16>          |out<46>        |   17.263|
b<16>          |out<47>        |   17.220|
b<17>          |out<0>         |   16.865|
b<17>          |out<1>         |   16.723|
b<17>          |out<2>         |   16.741|
b<17>          |out<3>         |   16.759|
b<17>          |out<4>         |   16.739|
b<17>          |out<5>         |   16.706|
b<17>          |out<6>         |   16.803|
b<17>          |out<7>         |   16.709|
b<17>          |out<8>         |   16.537|
b<17>          |out<9>         |   16.669|
b<17>          |out<10>        |   16.572|
b<17>          |out<11>        |   16.393|
b<17>          |out<12>        |   16.503|
b<17>          |out<13>        |   16.308|
b<17>          |out<14>        |   16.607|
b<17>          |out<15>        |   16.153|
b<17>          |out<16>        |   16.533|
b<17>          |out<17>        |   16.594|
b<17>          |out<18>        |   16.626|
b<17>          |out<19>        |   16.378|
b<17>          |out<20>        |   16.554|
b<17>          |out<21>        |   16.551|
b<17>          |out<22>        |   16.983|
b<17>          |out<23>        |   16.585|
b<17>          |out<24>        |   16.838|
b<17>          |out<25>        |   16.400|
b<17>          |out<26>        |   16.827|
b<17>          |out<27>        |   16.410|
b<17>          |out<28>        |   16.633|
b<17>          |out<29>        |   16.456|
b<17>          |out<30>        |   16.967|
b<17>          |out<31>        |   16.937|
b<17>          |out<32>        |   16.746|
b<17>          |out<33>        |   16.995|
b<17>          |out<34>        |   16.960|
b<17>          |out<35>        |   16.966|
b<17>          |out<36>        |   17.034|
b<17>          |out<37>        |   17.194|
b<17>          |out<38>        |   17.054|
b<17>          |out<39>        |   16.882|
b<17>          |out<40>        |   17.268|
b<17>          |out<41>        |   16.997|
b<17>          |out<42>        |   17.273|
b<17>          |out<43>        |   17.073|
b<17>          |out<44>        |   17.092|
b<17>          |out<45>        |   17.445|
b<17>          |out<46>        |   17.384|
b<17>          |out<47>        |   17.341|
---------------+---------------+---------+


Analysis completed Thu Jan 04 11:19:29 2018 
--------------------------------------------------------------------------------

Trace Settings:
-------------------------
Trace Settings 

Peak Memory Usage: 160 MB



