--------------------------------------------------------------------------------
Release 12.1 Trace  (nt)
Copyright (c) 1995-2010 Xilinx, Inc.  All rights reserved.

E:\Programs\Xilinx\ISE_DS\ISE\bin\nt\unwrapped\trce.exe -intstyle ise -v 3 -s 3
-n 3 -fastpaths -xml Testing_2.twx Testing_2.ncd -o Testing_2.twr Testing_2.pcf

Design file:              Testing_2.ncd
Physical constraint file: Testing_2.pcf
Device,package,speed:     xc6slx16,csg324,C,-3 (PRELIMINARY 1.08 2010-04-09)
Report level:             verbose report

Environment Variable      Effect 
--------------------      ------ 
NONE                      No environment variables were set
--------------------------------------------------------------------------------

INFO:Timing:2698 - No timing constraints found, doing default enumeration.
INFO:Timing:2752 - To get complete path coverage, use the unconstrained paths 
   option. All paths that are not constrained will be reported in the 
   unconstrained paths section(s) of the report.
INFO:Timing:3339 - The clock-to-out numbers in this timing report are based on 
   a 50 Ohm transmission line loading model.  For the details of this model, 
   and for more information on accounting for different loading conditions, 
   please see the device datasheet.



Data Sheet report:
-----------------
All values displayed in nanoseconds (ns)

Pad to Pad
---------------+---------------+---------+
Source Pad     |Destination Pad|  Delay  |
---------------+---------------+---------+
a<0>           |carry          |   24.721|
a<0>           |sum<0>         |   14.252|
a<0>           |sum<1>         |   12.903|
a<0>           |sum<2>         |   14.783|
a<0>           |sum<3>         |   14.822|
a<0>           |sum<4>         |   14.895|
a<0>           |sum<5>         |   16.161|
a<0>           |sum<6>         |   16.173|
a<0>           |sum<7>         |   16.270|
a<0>           |sum<8>         |   19.128|
a<0>           |sum<9>         |   18.988|
a<0>           |sum<10>        |   19.639|
a<0>           |sum<11>        |   20.382|
a<0>           |sum<12>        |   20.617|
a<0>           |sum<13>        |   20.478|
a<0>           |sum<14>        |   19.156|
a<0>           |sum<15>        |   19.091|
a<0>           |sum<16>        |   20.328|
a<0>           |sum<17>        |   19.774|
a<0>           |sum<18>        |   21.289|
a<0>           |sum<19>        |   21.543|
a<0>           |sum<20>        |   21.774|
a<0>           |sum<21>        |   22.561|
a<0>           |sum<22>        |   20.624|
a<0>           |sum<23>        |   20.728|
a<0>           |sum<24>        |   21.588|
a<0>           |sum<25>        |   21.637|
a<0>           |sum<26>        |   23.000|
a<0>           |sum<27>        |   23.229|
a<0>           |sum<28>        |   23.756|
a<0>           |sum<29>        |   23.309|
a<0>           |sum<30>        |   22.823|
a<0>           |sum<31>        |   22.167|
a<1>           |carry          |   24.365|
a<1>           |sum<1>         |   12.936|
a<1>           |sum<2>         |   14.273|
a<1>           |sum<3>         |   14.649|
a<1>           |sum<4>         |   14.928|
a<1>           |sum<5>         |   16.039|
a<1>           |sum<6>         |   15.817|
a<1>           |sum<7>         |   16.669|
a<1>           |sum<8>         |   18.772|
a<1>           |sum<9>         |   18.632|
a<1>           |sum<10>        |   19.283|
a<1>           |sum<11>        |   20.026|
a<1>           |sum<12>        |   20.261|
a<1>           |sum<13>        |   20.122|
a<1>           |sum<14>        |   18.800|
a<1>           |sum<15>        |   18.735|
a<1>           |sum<16>        |   19.972|
a<1>           |sum<17>        |   19.418|
a<1>           |sum<18>        |   20.933|
a<1>           |sum<19>        |   21.187|
a<1>           |sum<20>        |   21.418|
a<1>           |sum<21>        |   22.205|
a<1>           |sum<22>        |   20.268|
a<1>           |sum<23>        |   20.372|
a<1>           |sum<24>        |   21.232|
a<1>           |sum<25>        |   21.281|
a<1>           |sum<26>        |   22.644|
a<1>           |sum<27>        |   22.873|
a<1>           |sum<28>        |   23.400|
a<1>           |sum<29>        |   22.953|
a<1>           |sum<30>        |   22.467|
a<1>           |sum<31>        |   21.811|
a<2>           |carry          |   23.123|
a<2>           |sum<2>         |   12.951|
a<2>           |sum<3>         |   14.458|
a<2>           |sum<4>         |   13.879|
a<2>           |sum<5>         |   15.797|
a<2>           |sum<6>         |   14.801|
a<2>           |sum<7>         |   16.671|
a<2>           |sum<8>         |   17.530|
a<2>           |sum<9>         |   17.390|
a<2>           |sum<10>        |   18.041|
a<2>           |sum<11>        |   18.784|
a<2>           |sum<12>        |   19.019|
a<2>           |sum<13>        |   18.880|
a<2>           |sum<14>        |   17.558|
a<2>           |sum<15>        |   17.493|
a<2>           |sum<16>        |   18.730|
a<2>           |sum<17>        |   18.176|
a<2>           |sum<18>        |   19.691|
a<2>           |sum<19>        |   19.945|
a<2>           |sum<20>        |   20.176|
a<2>           |sum<21>        |   20.963|
a<2>           |sum<22>        |   19.026|
a<2>           |sum<23>        |   19.130|
a<2>           |sum<24>        |   19.990|
a<2>           |sum<25>        |   20.039|
a<2>           |sum<26>        |   21.402|
a<2>           |sum<27>        |   21.631|
a<2>           |sum<28>        |   22.158|
a<2>           |sum<29>        |   21.711|
a<2>           |sum<30>        |   21.225|
a<2>           |sum<31>        |   20.569|
a<3>           |carry          |   23.404|
a<3>           |sum<3>         |   12.775|
a<3>           |sum<4>         |   12.900|
a<3>           |sum<5>         |   15.535|
a<3>           |sum<6>         |   14.856|
a<3>           |sum<7>         |   16.049|
a<3>           |sum<8>         |   17.811|
a<3>           |sum<9>         |   17.671|
a<3>           |sum<10>        |   18.322|
a<3>           |sum<11>        |   19.065|
a<3>           |sum<12>        |   19.300|
a<3>           |sum<13>        |   19.161|
a<3>           |sum<14>        |   17.839|
a<3>           |sum<15>        |   17.774|
a<3>           |sum<16>        |   19.011|
a<3>           |sum<17>        |   18.457|
a<3>           |sum<18>        |   19.972|
a<3>           |sum<19>        |   20.226|
a<3>           |sum<20>        |   20.457|
a<3>           |sum<21>        |   21.244|
a<3>           |sum<22>        |   19.307|
a<3>           |sum<23>        |   19.411|
a<3>           |sum<24>        |   20.271|
a<3>           |sum<25>        |   20.320|
a<3>           |sum<26>        |   21.683|
a<3>           |sum<27>        |   21.912|
a<3>           |sum<28>        |   22.439|
a<3>           |sum<29>        |   21.992|
a<3>           |sum<30>        |   21.506|
a<3>           |sum<31>        |   20.850|
a<4>           |carry          |   23.342|
a<4>           |sum<4>         |   12.603|
a<4>           |sum<5>         |   14.801|
a<4>           |sum<6>         |   14.794|
a<4>           |sum<7>         |   16.309|
a<4>           |sum<8>         |   17.749|
a<4>           |sum<9>         |   17.609|
a<4>           |sum<10>        |   18.260|
a<4>           |sum<11>        |   19.003|
a<4>           |sum<12>        |   19.238|
a<4>           |sum<13>        |   19.099|
a<4>           |sum<14>        |   17.777|
a<4>           |sum<15>        |   17.712|
a<4>           |sum<16>        |   18.949|
a<4>           |sum<17>        |   18.395|
a<4>           |sum<18>        |   19.910|
a<4>           |sum<19>        |   20.164|
a<4>           |sum<20>        |   20.395|
a<4>           |sum<21>        |   21.182|
a<4>           |sum<22>        |   19.245|
a<4>           |sum<23>        |   19.349|
a<4>           |sum<24>        |   20.209|
a<4>           |sum<25>        |   20.258|
a<4>           |sum<26>        |   21.621|
a<4>           |sum<27>        |   21.850|
a<4>           |sum<28>        |   22.377|
a<4>           |sum<29>        |   21.930|
a<4>           |sum<30>        |   21.444|
a<4>           |sum<31>        |   20.788|
a<5>           |carry          |   23.353|
a<5>           |sum<5>         |   12.473|
a<5>           |sum<6>         |   14.805|
a<5>           |sum<7>         |   16.563|
a<5>           |sum<8>         |   17.760|
a<5>           |sum<9>         |   17.620|
a<5>           |sum<10>        |   18.271|
a<5>           |sum<11>        |   19.014|
a<5>           |sum<12>        |   19.249|
a<5>           |sum<13>        |   19.110|
a<5>           |sum<14>        |   17.788|
a<5>           |sum<15>        |   17.723|
a<5>           |sum<16>        |   18.960|
a<5>           |sum<17>        |   18.406|
a<5>           |sum<18>        |   19.921|
a<5>           |sum<19>        |   20.175|
a<5>           |sum<20>        |   20.406|
a<5>           |sum<21>        |   21.193|
a<5>           |sum<22>        |   19.256|
a<5>           |sum<23>        |   19.360|
a<5>           |sum<24>        |   20.220|
a<5>           |sum<25>        |   20.269|
a<5>           |sum<26>        |   21.632|
a<5>           |sum<27>        |   21.861|
a<5>           |sum<28>        |   22.388|
a<5>           |sum<29>        |   21.941|
a<5>           |sum<30>        |   21.455|
a<5>           |sum<31>        |   20.799|
a<6>           |carry          |   22.152|
a<6>           |sum<6>         |   12.372|
a<6>           |sum<7>         |   17.094|
a<6>           |sum<8>         |   16.559|
a<6>           |sum<9>         |   16.419|
a<6>           |sum<10>        |   17.070|
a<6>           |sum<11>        |   17.813|
a<6>           |sum<12>        |   18.048|
a<6>           |sum<13>        |   17.909|
a<6>           |sum<14>        |   16.587|
a<6>           |sum<15>        |   16.522|
a<6>           |sum<16>        |   17.759|
a<6>           |sum<17>        |   17.205|
a<6>           |sum<18>        |   18.720|
a<6>           |sum<19>        |   18.974|
a<6>           |sum<20>        |   19.205|
a<6>           |sum<21>        |   19.992|
a<6>           |sum<22>        |   18.055|
a<6>           |sum<23>        |   18.159|
a<6>           |sum<24>        |   19.019|
a<6>           |sum<25>        |   19.068|
a<6>           |sum<26>        |   20.431|
a<6>           |sum<27>        |   20.660|
a<6>           |sum<28>        |   21.187|
a<6>           |sum<29>        |   20.740|
a<6>           |sum<30>        |   20.254|
a<6>           |sum<31>        |   19.598|
a<7>           |carry          |   20.381|
a<7>           |sum<7>         |   13.062|
a<7>           |sum<8>         |   14.788|
a<7>           |sum<9>         |   14.648|
a<7>           |sum<10>        |   15.299|
a<7>           |sum<11>        |   16.042|
a<7>           |sum<12>        |   16.277|
a<7>           |sum<13>        |   16.138|
a<7>           |sum<14>        |   14.816|
a<7>           |sum<15>        |   14.751|
a<7>           |sum<16>        |   15.988|
a<7>           |sum<17>        |   15.434|
a<7>           |sum<18>        |   16.949|
a<7>           |sum<19>        |   17.203|
a<7>           |sum<20>        |   17.434|
a<7>           |sum<21>        |   18.221|
a<7>           |sum<22>        |   16.284|
a<7>           |sum<23>        |   16.388|
a<7>           |sum<24>        |   17.248|
a<7>           |sum<25>        |   17.297|
a<7>           |sum<26>        |   18.660|
a<7>           |sum<27>        |   18.889|
a<7>           |sum<28>        |   19.416|
a<7>           |sum<29>        |   18.969|
a<7>           |sum<30>        |   18.483|
a<7>           |sum<31>        |   17.827|
a<8>           |carry          |   23.681|
a<8>           |sum<8>         |   13.127|
a<8>           |sum<9>         |   12.994|
a<8>           |sum<10>        |   13.768|
a<8>           |sum<11>        |   14.388|
a<8>           |sum<12>        |   14.623|
a<8>           |sum<13>        |   14.484|
a<8>           |sum<14>        |   15.296|
a<8>           |sum<15>        |   15.177|
a<8>           |sum<16>        |   19.288|
a<8>           |sum<17>        |   18.734|
a<8>           |sum<18>        |   20.249|
a<8>           |sum<19>        |   20.503|
a<8>           |sum<20>        |   20.734|
a<8>           |sum<21>        |   21.521|
a<8>           |sum<22>        |   19.584|
a<8>           |sum<23>        |   19.688|
a<8>           |sum<24>        |   20.548|
a<8>           |sum<25>        |   20.597|
a<8>           |sum<26>        |   21.960|
a<8>           |sum<27>        |   22.189|
a<8>           |sum<28>        |   22.716|
a<8>           |sum<29>        |   22.269|
a<8>           |sum<30>        |   21.783|
a<8>           |sum<31>        |   21.127|
a<9>           |carry          |   22.981|
a<9>           |sum<9>         |   13.592|
a<9>           |sum<10>        |   14.243|
a<9>           |sum<11>        |   14.986|
a<9>           |sum<12>        |   15.221|
a<9>           |sum<13>        |   15.224|
a<9>           |sum<14>        |   14.596|
a<9>           |sum<15>        |   14.477|
a<9>           |sum<16>        |   18.588|
a<9>           |sum<17>        |   18.034|
a<9>           |sum<18>        |   19.549|
a<9>           |sum<19>        |   19.803|
a<9>           |sum<20>        |   20.034|
a<9>           |sum<21>        |   20.821|
a<9>           |sum<22>        |   18.884|
a<9>           |sum<23>        |   18.988|
a<9>           |sum<24>        |   19.848|
a<9>           |sum<25>        |   19.897|
a<9>           |sum<26>        |   21.260|
a<9>           |sum<27>        |   21.489|
a<9>           |sum<28>        |   22.016|
a<9>           |sum<29>        |   21.569|
a<9>           |sum<30>        |   21.083|
a<9>           |sum<31>        |   20.427|
a<10>          |carry          |   21.894|
a<10>          |sum<10>        |   11.937|
a<10>          |sum<11>        |   13.300|
a<10>          |sum<12>        |   12.989|
a<10>          |sum<13>        |   15.027|
a<10>          |sum<14>        |   13.509|
a<10>          |sum<15>        |   14.138|
a<10>          |sum<16>        |   17.501|
a<10>          |sum<17>        |   16.947|
a<10>          |sum<18>        |   18.462|
a<10>          |sum<19>        |   18.716|
a<10>          |sum<20>        |   18.947|
a<10>          |sum<21>        |   19.734|
a<10>          |sum<22>        |   17.797|
a<10>          |sum<23>        |   17.901|
a<10>          |sum<24>        |   18.761|
a<10>          |sum<25>        |   18.810|
a<10>          |sum<26>        |   20.173|
a<10>          |sum<27>        |   20.402|
a<10>          |sum<28>        |   20.929|
a<10>          |sum<29>        |   20.482|
a<10>          |sum<30>        |   19.996|
a<10>          |sum<31>        |   19.340|
a<11>          |carry          |   22.731|
a<11>          |sum<11>        |   12.336|
a<11>          |sum<12>        |   13.328|
a<11>          |sum<13>        |   14.230|
a<11>          |sum<14>        |   14.346|
a<11>          |sum<15>        |   14.743|
a<11>          |sum<16>        |   18.338|
a<11>          |sum<17>        |   17.784|
a<11>          |sum<18>        |   19.299|
a<11>          |sum<19>        |   19.553|
a<11>          |sum<20>        |   19.784|
a<11>          |sum<21>        |   20.571|
a<11>          |sum<22>        |   18.634|
a<11>          |sum<23>        |   18.738|
a<11>          |sum<24>        |   19.598|
a<11>          |sum<25>        |   19.647|
a<11>          |sum<26>        |   21.010|
a<11>          |sum<27>        |   21.239|
a<11>          |sum<28>        |   21.766|
a<11>          |sum<29>        |   21.319|
a<11>          |sum<30>        |   20.833|
a<11>          |sum<31>        |   20.177|
a<12>          |carry          |   22.956|
a<12>          |sum<12>        |   12.534|
a<12>          |sum<13>        |   13.799|
a<12>          |sum<14>        |   14.571|
a<12>          |sum<15>        |   15.558|
a<12>          |sum<16>        |   18.563|
a<12>          |sum<17>        |   18.009|
a<12>          |sum<18>        |   19.524|
a<12>          |sum<19>        |   19.778|
a<12>          |sum<20>        |   20.009|
a<12>          |sum<21>        |   20.796|
a<12>          |sum<22>        |   18.859|
a<12>          |sum<23>        |   18.963|
a<12>          |sum<24>        |   19.823|
a<12>          |sum<25>        |   19.872|
a<12>          |sum<26>        |   21.235|
a<12>          |sum<27>        |   21.464|
a<12>          |sum<28>        |   21.991|
a<12>          |sum<29>        |   21.544|
a<12>          |sum<30>        |   21.058|
a<12>          |sum<31>        |   20.402|
a<13>          |carry          |   22.263|
a<13>          |sum<13>        |   11.663|
a<13>          |sum<14>        |   13.878|
a<13>          |sum<15>        |   15.230|
a<13>          |sum<16>        |   17.870|
a<13>          |sum<17>        |   17.316|
a<13>          |sum<18>        |   18.831|
a<13>          |sum<19>        |   19.085|
a<13>          |sum<20>        |   19.316|
a<13>          |sum<21>        |   20.103|
a<13>          |sum<22>        |   18.166|
a<13>          |sum<23>        |   18.270|
a<13>          |sum<24>        |   19.130|
a<13>          |sum<25>        |   19.179|
a<13>          |sum<26>        |   20.542|
a<13>          |sum<27>        |   20.771|
a<13>          |sum<28>        |   21.298|
a<13>          |sum<29>        |   20.851|
a<13>          |sum<30>        |   20.365|
a<13>          |sum<31>        |   19.709|
a<14>          |carry          |   19.988|
a<14>          |sum<14>        |   10.880|
a<14>          |sum<15>        |   14.971|
a<14>          |sum<16>        |   15.595|
a<14>          |sum<17>        |   15.041|
a<14>          |sum<18>        |   16.556|
a<14>          |sum<19>        |   16.810|
a<14>          |sum<20>        |   17.041|
a<14>          |sum<21>        |   17.828|
a<14>          |sum<22>        |   15.891|
a<14>          |sum<23>        |   15.995|
a<14>          |sum<24>        |   16.855|
a<14>          |sum<25>        |   16.904|
a<14>          |sum<26>        |   18.267|
a<14>          |sum<27>        |   18.496|
a<14>          |sum<28>        |   19.023|
a<14>          |sum<29>        |   18.576|
a<14>          |sum<30>        |   18.090|
a<14>          |sum<31>        |   17.434|
a<15>          |carry          |   17.887|
a<15>          |sum<15>        |   11.285|
a<15>          |sum<16>        |   13.494|
a<15>          |sum<17>        |   12.940|
a<15>          |sum<18>        |   14.455|
a<15>          |sum<19>        |   14.709|
a<15>          |sum<20>        |   14.940|
a<15>          |sum<21>        |   15.727|
a<15>          |sum<22>        |   13.790|
a<15>          |sum<23>        |   13.894|
a<15>          |sum<24>        |   14.754|
a<15>          |sum<25>        |   14.803|
a<15>          |sum<26>        |   16.166|
a<15>          |sum<27>        |   16.395|
a<15>          |sum<28>        |   16.922|
a<15>          |sum<29>        |   16.475|
a<15>          |sum<30>        |   15.989|
a<15>          |sum<31>        |   15.333|
a<16>          |carry          |   19.094|
a<16>          |sum<16>        |   11.057|
a<16>          |sum<17>        |   11.486|
a<16>          |sum<18>        |   13.001|
a<16>          |sum<19>        |   13.255|
a<16>          |sum<20>        |   13.486|
a<16>          |sum<21>        |   14.273|
a<16>          |sum<22>        |   12.541|
a<16>          |sum<23>        |   13.344|
a<16>          |sum<24>        |   15.961|
a<16>          |sum<25>        |   16.010|
a<16>          |sum<26>        |   17.373|
a<16>          |sum<27>        |   17.602|
a<16>          |sum<28>        |   18.129|
a<16>          |sum<29>        |   17.682|
a<16>          |sum<30>        |   17.196|
a<16>          |sum<31>        |   16.540|
a<17>          |carry          |   20.325|
a<17>          |sum<17>        |   11.641|
a<17>          |sum<18>        |   13.156|
a<17>          |sum<19>        |   13.410|
a<17>          |sum<20>        |   13.641|
a<17>          |sum<21>        |   14.428|
a<17>          |sum<22>        |   14.046|
a<17>          |sum<23>        |   13.720|
a<17>          |sum<24>        |   17.192|
a<17>          |sum<25>        |   17.241|
a<17>          |sum<26>        |   18.604|
a<17>          |sum<27>        |   18.833|
a<17>          |sum<28>        |   19.360|
a<17>          |sum<29>        |   18.913|
a<17>          |sum<30>        |   18.427|
a<17>          |sum<31>        |   17.771|
a<18>          |carry          |   19.322|
a<18>          |sum<18>        |   12.030|
a<18>          |sum<19>        |   13.595|
a<18>          |sum<20>        |   12.961|
a<18>          |sum<21>        |   14.689|
a<18>          |sum<22>        |   13.483|
a<18>          |sum<23>        |   14.078|
a<18>          |sum<24>        |   16.189|
a<18>          |sum<25>        |   16.238|
a<18>          |sum<26>        |   17.601|
a<18>          |sum<27>        |   17.830|
a<18>          |sum<28>        |   18.357|
a<18>          |sum<29>        |   17.910|
a<18>          |sum<30>        |   17.424|
a<18>          |sum<31>        |   16.768|
a<19>          |carry          |   20.104|
a<19>          |sum<19>        |   11.817|
a<19>          |sum<20>        |   12.931|
a<19>          |sum<21>        |   13.956|
a<19>          |sum<22>        |   14.317|
a<19>          |sum<23>        |   14.775|
a<19>          |sum<24>        |   16.971|
a<19>          |sum<25>        |   17.020|
a<19>          |sum<26>        |   18.383|
a<19>          |sum<27>        |   18.612|
a<19>          |sum<28>        |   19.139|
a<19>          |sum<29>        |   18.692|
a<19>          |sum<30>        |   18.206|
a<19>          |sum<31>        |   17.550|
a<20>          |carry          |   19.721|
a<20>          |sum<20>        |   11.630|
a<20>          |sum<21>        |   12.755|
a<20>          |sum<22>        |   13.803|
a<20>          |sum<23>        |   14.616|
a<20>          |sum<24>        |   16.588|
a<20>          |sum<25>        |   16.637|
a<20>          |sum<26>        |   18.000|
a<20>          |sum<27>        |   18.229|
a<20>          |sum<28>        |   18.756|
a<20>          |sum<29>        |   18.309|
a<20>          |sum<30>        |   17.823|
a<20>          |sum<31>        |   17.167|
a<21>          |carry          |   19.149|
a<21>          |sum<21>        |   10.420|
a<21>          |sum<22>        |   12.937|
a<21>          |sum<23>        |   13.765|
a<21>          |sum<24>        |   16.016|
a<21>          |sum<25>        |   16.065|
a<21>          |sum<26>        |   17.428|
a<21>          |sum<27>        |   17.657|
a<21>          |sum<28>        |   18.184|
a<21>          |sum<29>        |   17.737|
a<21>          |sum<30>        |   17.251|
a<21>          |sum<31>        |   16.595|
a<22>          |carry          |   17.995|
a<22>          |sum<22>        |   11.381|
a<22>          |sum<23>        |   14.787|
a<22>          |sum<24>        |   14.862|
a<22>          |sum<25>        |   14.911|
a<22>          |sum<26>        |   16.274|
a<22>          |sum<27>        |   16.503|
a<22>          |sum<28>        |   17.030|
a<22>          |sum<29>        |   16.583|
a<22>          |sum<30>        |   16.097|
a<22>          |sum<31>        |   15.441|
a<23>          |carry          |   16.439|
a<23>          |sum<23>        |   11.748|
a<23>          |sum<24>        |   13.306|
a<23>          |sum<25>        |   13.355|
a<23>          |sum<26>        |   14.718|
a<23>          |sum<27>        |   14.947|
a<23>          |sum<28>        |   15.474|
a<23>          |sum<29>        |   15.027|
a<23>          |sum<30>        |   14.541|
a<23>          |sum<31>        |   13.885|
a<24>          |carry          |   17.296|
a<24>          |sum<24>        |   10.972|
a<24>          |sum<25>        |   11.832|
a<24>          |sum<26>        |   13.195|
a<24>          |sum<27>        |   13.424|
a<24>          |sum<28>        |   13.951|
a<24>          |sum<29>        |   13.762|
a<24>          |sum<30>        |   13.018|
a<24>          |sum<31>        |   13.599|
a<25>          |carry          |   16.760|
a<25>          |sum<25>        |   10.574|
a<25>          |sum<26>        |   11.937|
a<25>          |sum<27>        |   12.166|
a<25>          |sum<28>        |   12.693|
a<25>          |sum<29>        |   12.773|
a<25>          |sum<30>        |   13.075|
a<25>          |sum<31>        |   12.717|
a<26>          |carry          |   17.528|
a<26>          |sum<26>        |   11.381|
a<26>          |sum<27>        |   12.794|
a<26>          |sum<28>        |   12.565|
a<26>          |sum<29>        |   13.947|
a<26>          |sum<30>        |   13.900|
a<26>          |sum<31>        |   13.938|
a<27>          |carry          |   17.626|
a<27>          |sum<27>        |   11.597|
a<27>          |sum<28>        |   12.462|
a<27>          |sum<29>        |   13.493|
a<27>          |sum<30>        |   13.874|
a<27>          |sum<31>        |   13.583|
a<28>          |carry          |   17.571|
a<28>          |sum<28>        |   11.578|
a<28>          |sum<29>        |   13.990|
a<28>          |sum<30>        |   13.943|
a<28>          |sum<31>        |   13.903|
a<29>          |carry          |   17.214|
a<29>          |sum<29>        |   10.537|
a<29>          |sum<30>        |   12.928|
a<29>          |sum<31>        |   13.227|
a<30>          |carry          |   15.581|
a<30>          |sum<30>        |   11.542|
a<30>          |sum<31>        |   13.771|
a<31>          |carry          |   13.803|
a<31>          |sum<31>        |   11.179|
b<0>           |carry          |   24.046|
b<0>           |sum<0>         |   13.577|
b<0>           |sum<1>         |   12.708|
b<0>           |sum<2>         |   14.108|
b<0>           |sum<3>         |   14.732|
b<0>           |sum<4>         |   14.700|
b<0>           |sum<5>         |   16.071|
b<0>           |sum<6>         |   15.498|
b<0>           |sum<7>         |   15.595|
b<0>           |sum<8>         |   18.453|
b<0>           |sum<9>         |   18.313|
b<0>           |sum<10>        |   18.964|
b<0>           |sum<11>        |   19.707|
b<0>           |sum<12>        |   19.942|
b<0>           |sum<13>        |   19.803|
b<0>           |sum<14>        |   18.481|
b<0>           |sum<15>        |   18.416|
b<0>           |sum<16>        |   19.653|
b<0>           |sum<17>        |   19.099|
b<0>           |sum<18>        |   20.614|
b<0>           |sum<19>        |   20.868|
b<0>           |sum<20>        |   21.099|
b<0>           |sum<21>        |   21.886|
b<0>           |sum<22>        |   19.949|
b<0>           |sum<23>        |   20.053|
b<0>           |sum<24>        |   20.913|
b<0>           |sum<25>        |   20.962|
b<0>           |sum<26>        |   22.325|
b<0>           |sum<27>        |   22.554|
b<0>           |sum<28>        |   23.081|
b<0>           |sum<29>        |   22.634|
b<0>           |sum<30>        |   22.148|
b<0>           |sum<31>        |   21.492|
b<1>           |carry          |   23.847|
b<1>           |sum<1>         |   12.324|
b<1>           |sum<2>         |   13.742|
b<1>           |sum<3>         |   14.037|
b<1>           |sum<4>         |   14.316|
b<1>           |sum<5>         |   15.427|
b<1>           |sum<6>         |   15.299|
b<1>           |sum<7>         |   16.151|
b<1>           |sum<8>         |   18.254|
b<1>           |sum<9>         |   18.114|
b<1>           |sum<10>        |   18.765|
b<1>           |sum<11>        |   19.508|
b<1>           |sum<12>        |   19.743|
b<1>           |sum<13>        |   19.604|
b<1>           |sum<14>        |   18.282|
b<1>           |sum<15>        |   18.217|
b<1>           |sum<16>        |   19.454|
b<1>           |sum<17>        |   18.900|
b<1>           |sum<18>        |   20.415|
b<1>           |sum<19>        |   20.669|
b<1>           |sum<20>        |   20.900|
b<1>           |sum<21>        |   21.687|
b<1>           |sum<22>        |   19.750|
b<1>           |sum<23>        |   19.854|
b<1>           |sum<24>        |   20.714|
b<1>           |sum<25>        |   20.763|
b<1>           |sum<26>        |   22.126|
b<1>           |sum<27>        |   22.355|
b<1>           |sum<28>        |   22.882|
b<1>           |sum<29>        |   22.435|
b<1>           |sum<30>        |   21.949|
b<1>           |sum<31>        |   21.293|
b<2>           |carry          |   23.581|
b<2>           |sum<2>         |   13.071|
b<2>           |sum<3>         |   14.391|
b<2>           |sum<4>         |   13.708|
b<2>           |sum<5>         |   15.730|
b<2>           |sum<6>         |   15.033|
b<2>           |sum<7>         |   16.369|
b<2>           |sum<8>         |   17.988|
b<2>           |sum<9>         |   17.848|
b<2>           |sum<10>        |   18.499|
b<2>           |sum<11>        |   19.242|
b<2>           |sum<12>        |   19.477|
b<2>           |sum<13>        |   19.338|
b<2>           |sum<14>        |   18.016|
b<2>           |sum<15>        |   17.951|
b<2>           |sum<16>        |   19.188|
b<2>           |sum<17>        |   18.634|
b<2>           |sum<18>        |   20.149|
b<2>           |sum<19>        |   20.403|
b<2>           |sum<20>        |   20.634|
b<2>           |sum<21>        |   21.421|
b<2>           |sum<22>        |   19.484|
b<2>           |sum<23>        |   19.588|
b<2>           |sum<24>        |   20.448|
b<2>           |sum<25>        |   20.497|
b<2>           |sum<26>        |   21.860|
b<2>           |sum<27>        |   22.089|
b<2>           |sum<28>        |   22.616|
b<2>           |sum<29>        |   22.169|
b<2>           |sum<30>        |   21.683|
b<2>           |sum<31>        |   21.027|
b<3>           |carry          |   24.053|
b<3>           |sum<3>         |   13.424|
b<3>           |sum<4>         |   13.649|
b<3>           |sum<5>         |   15.710|
b<3>           |sum<6>         |   15.505|
b<3>           |sum<7>         |   16.826|
b<3>           |sum<8>         |   18.460|
b<3>           |sum<9>         |   18.320|
b<3>           |sum<10>        |   18.971|
b<3>           |sum<11>        |   19.714|
b<3>           |sum<12>        |   19.949|
b<3>           |sum<13>        |   19.810|
b<3>           |sum<14>        |   18.488|
b<3>           |sum<15>        |   18.423|
b<3>           |sum<16>        |   19.660|
b<3>           |sum<17>        |   19.106|
b<3>           |sum<18>        |   20.621|
b<3>           |sum<19>        |   20.875|
b<3>           |sum<20>        |   21.106|
b<3>           |sum<21>        |   21.893|
b<3>           |sum<22>        |   19.956|
b<3>           |sum<23>        |   20.060|
b<3>           |sum<24>        |   20.920|
b<3>           |sum<25>        |   20.969|
b<3>           |sum<26>        |   22.332|
b<3>           |sum<27>        |   22.561|
b<3>           |sum<28>        |   23.088|
b<3>           |sum<29>        |   22.641|
b<3>           |sum<30>        |   22.155|
b<3>           |sum<31>        |   21.499|
b<4>           |carry          |   24.560|
b<4>           |sum<4>         |   13.292|
b<4>           |sum<5>         |   15.257|
b<4>           |sum<6>         |   16.012|
b<4>           |sum<7>         |   17.542|
b<4>           |sum<8>         |   18.967|
b<4>           |sum<9>         |   18.827|
b<4>           |sum<10>        |   19.478|
b<4>           |sum<11>        |   20.221|
b<4>           |sum<12>        |   20.456|
b<4>           |sum<13>        |   20.317|
b<4>           |sum<14>        |   18.995|
b<4>           |sum<15>        |   18.930|
b<4>           |sum<16>        |   20.167|
b<4>           |sum<17>        |   19.613|
b<4>           |sum<18>        |   21.128|
b<4>           |sum<19>        |   21.382|
b<4>           |sum<20>        |   21.613|
b<4>           |sum<21>        |   22.400|
b<4>           |sum<22>        |   20.463|
b<4>           |sum<23>        |   20.567|
b<4>           |sum<24>        |   21.427|
b<4>           |sum<25>        |   21.476|
b<4>           |sum<26>        |   22.839|
b<4>           |sum<27>        |   23.068|
b<4>           |sum<28>        |   23.595|
b<4>           |sum<29>        |   23.148|
b<4>           |sum<30>        |   22.662|
b<4>           |sum<31>        |   22.006|
b<5>           |carry          |   23.487|
b<5>           |sum<5>         |   12.607|
b<5>           |sum<6>         |   15.020|
b<5>           |sum<7>         |   17.130|
b<5>           |sum<8>         |   17.894|
b<5>           |sum<9>         |   17.754|
b<5>           |sum<10>        |   18.405|
b<5>           |sum<11>        |   19.148|
b<5>           |sum<12>        |   19.383|
b<5>           |sum<13>        |   19.244|
b<5>           |sum<14>        |   17.922|
b<5>           |sum<15>        |   17.857|
b<5>           |sum<16>        |   19.094|
b<5>           |sum<17>        |   18.540|
b<5>           |sum<18>        |   20.055|
b<5>           |sum<19>        |   20.309|
b<5>           |sum<20>        |   20.540|
b<5>           |sum<21>        |   21.327|
b<5>           |sum<22>        |   19.390|
b<5>           |sum<23>        |   19.494|
b<5>           |sum<24>        |   20.354|
b<5>           |sum<25>        |   20.403|
b<5>           |sum<26>        |   21.766|
b<5>           |sum<27>        |   21.995|
b<5>           |sum<28>        |   22.522|
b<5>           |sum<29>        |   22.075|
b<5>           |sum<30>        |   21.589|
b<5>           |sum<31>        |   20.933|
b<6>           |carry          |   21.874|
b<6>           |sum<6>         |   12.493|
b<6>           |sum<7>         |   16.816|
b<6>           |sum<8>         |   16.281|
b<6>           |sum<9>         |   16.141|
b<6>           |sum<10>        |   16.792|
b<6>           |sum<11>        |   17.535|
b<6>           |sum<12>        |   17.770|
b<6>           |sum<13>        |   17.631|
b<6>           |sum<14>        |   16.309|
b<6>           |sum<15>        |   16.244|
b<6>           |sum<16>        |   17.481|
b<6>           |sum<17>        |   16.927|
b<6>           |sum<18>        |   18.442|
b<6>           |sum<19>        |   18.696|
b<6>           |sum<20>        |   18.927|
b<6>           |sum<21>        |   19.714|
b<6>           |sum<22>        |   17.777|
b<6>           |sum<23>        |   17.881|
b<6>           |sum<24>        |   18.741|
b<6>           |sum<25>        |   18.790|
b<6>           |sum<26>        |   20.153|
b<6>           |sum<27>        |   20.382|
b<6>           |sum<28>        |   20.909|
b<6>           |sum<29>        |   20.462|
b<6>           |sum<30>        |   19.976|
b<6>           |sum<31>        |   19.320|
b<7>           |carry          |   20.197|
b<7>           |sum<7>         |   12.878|
b<7>           |sum<8>         |   14.604|
b<7>           |sum<9>         |   14.464|
b<7>           |sum<10>        |   15.115|
b<7>           |sum<11>        |   15.858|
b<7>           |sum<12>        |   16.093|
b<7>           |sum<13>        |   15.954|
b<7>           |sum<14>        |   14.632|
b<7>           |sum<15>        |   14.567|
b<7>           |sum<16>        |   15.804|
b<7>           |sum<17>        |   15.250|
b<7>           |sum<18>        |   16.765|
b<7>           |sum<19>        |   17.019|
b<7>           |sum<20>        |   17.250|
b<7>           |sum<21>        |   18.037|
b<7>           |sum<22>        |   16.100|
b<7>           |sum<23>        |   16.204|
b<7>           |sum<24>        |   17.064|
b<7>           |sum<25>        |   17.113|
b<7>           |sum<26>        |   18.476|
b<7>           |sum<27>        |   18.705|
b<7>           |sum<28>        |   19.232|
b<7>           |sum<29>        |   18.785|
b<7>           |sum<30>        |   18.299|
b<7>           |sum<31>        |   17.643|
b<8>           |carry          |   23.580|
b<8>           |sum<8>         |   13.026|
b<8>           |sum<9>         |   12.990|
b<8>           |sum<10>        |   13.667|
b<8>           |sum<11>        |   14.384|
b<8>           |sum<12>        |   14.619|
b<8>           |sum<13>        |   14.480|
b<8>           |sum<14>        |   15.195|
b<8>           |sum<15>        |   15.076|
b<8>           |sum<16>        |   19.187|
b<8>           |sum<17>        |   18.633|
b<8>           |sum<18>        |   20.148|
b<8>           |sum<19>        |   20.402|
b<8>           |sum<20>        |   20.633|
b<8>           |sum<21>        |   21.420|
b<8>           |sum<22>        |   19.483|
b<8>           |sum<23>        |   19.587|
b<8>           |sum<24>        |   20.447|
b<8>           |sum<25>        |   20.496|
b<8>           |sum<26>        |   21.859|
b<8>           |sum<27>        |   22.088|
b<8>           |sum<28>        |   22.615|
b<8>           |sum<29>        |   22.168|
b<8>           |sum<30>        |   21.682|
b<8>           |sum<31>        |   21.026|
b<9>           |carry          |   22.695|
b<9>           |sum<9>         |   13.428|
b<9>           |sum<10>        |   14.079|
b<9>           |sum<11>        |   14.822|
b<9>           |sum<12>        |   15.057|
b<9>           |sum<13>        |   15.470|
b<9>           |sum<14>        |   14.310|
b<9>           |sum<15>        |   14.581|
b<9>           |sum<16>        |   18.302|
b<9>           |sum<17>        |   17.748|
b<9>           |sum<18>        |   19.263|
b<9>           |sum<19>        |   19.517|
b<9>           |sum<20>        |   19.748|
b<9>           |sum<21>        |   20.535|
b<9>           |sum<22>        |   18.598|
b<9>           |sum<23>        |   18.702|
b<9>           |sum<24>        |   19.562|
b<9>           |sum<25>        |   19.611|
b<9>           |sum<26>        |   20.974|
b<9>           |sum<27>        |   21.203|
b<9>           |sum<28>        |   21.730|
b<9>           |sum<29>        |   21.283|
b<9>           |sum<30>        |   20.797|
b<9>           |sum<31>        |   20.141|
b<10>          |carry          |   22.476|
b<10>          |sum<10>        |   11.327|
b<10>          |sum<11>        |   12.466|
b<10>          |sum<12>        |   13.333|
b<10>          |sum<13>        |   14.463|
b<10>          |sum<14>        |   13.609|
b<10>          |sum<15>        |   14.639|
b<10>          |sum<16>        |   18.083|
b<10>          |sum<17>        |   17.529|
b<10>          |sum<18>        |   19.044|
b<10>          |sum<19>        |   19.298|
b<10>          |sum<20>        |   19.529|
b<10>          |sum<21>        |   20.316|
b<10>          |sum<22>        |   18.379|
b<10>          |sum<23>        |   18.483|
b<10>          |sum<24>        |   19.343|
b<10>          |sum<25>        |   19.392|
b<10>          |sum<26>        |   20.755|
b<10>          |sum<27>        |   20.984|
b<10>          |sum<28>        |   21.511|
b<10>          |sum<29>        |   21.064|
b<10>          |sum<30>        |   20.578|
b<10>          |sum<31>        |   19.922|
b<11>          |carry          |   22.334|
b<11>          |sum<11>        |   11.800|
b<11>          |sum<12>        |   13.063|
b<11>          |sum<13>        |   14.321|
b<11>          |sum<14>        |   13.810|
b<11>          |sum<15>        |   14.497|
b<11>          |sum<16>        |   17.941|
b<11>          |sum<17>        |   17.387|
b<11>          |sum<18>        |   18.902|
b<11>          |sum<19>        |   19.156|
b<11>          |sum<20>        |   19.387|
b<11>          |sum<21>        |   20.174|
b<11>          |sum<22>        |   18.237|
b<11>          |sum<23>        |   18.341|
b<11>          |sum<24>        |   19.201|
b<11>          |sum<25>        |   19.250|
b<11>          |sum<26>        |   20.613|
b<11>          |sum<27>        |   20.842|
b<11>          |sum<28>        |   21.369|
b<11>          |sum<29>        |   20.922|
b<11>          |sum<30>        |   20.436|
b<11>          |sum<31>        |   19.780|
b<12>          |carry          |   22.296|
b<12>          |sum<12>        |   12.058|
b<12>          |sum<13>        |   13.626|
b<12>          |sum<14>        |   13.911|
b<12>          |sum<15>        |   14.955|
b<12>          |sum<16>        |   17.903|
b<12>          |sum<17>        |   17.349|
b<12>          |sum<18>        |   18.864|
b<12>          |sum<19>        |   19.118|
b<12>          |sum<20>        |   19.349|
b<12>          |sum<21>        |   20.136|
b<12>          |sum<22>        |   18.199|
b<12>          |sum<23>        |   18.303|
b<12>          |sum<24>        |   19.163|
b<12>          |sum<25>        |   19.212|
b<12>          |sum<26>        |   20.575|
b<12>          |sum<27>        |   20.804|
b<12>          |sum<28>        |   21.331|
b<12>          |sum<29>        |   20.884|
b<12>          |sum<30>        |   20.398|
b<12>          |sum<31>        |   19.742|
b<13>          |carry          |   22.687|
b<13>          |sum<13>        |   12.087|
b<13>          |sum<14>        |   14.302|
b<13>          |sum<15>        |   14.906|
b<13>          |sum<16>        |   18.294|
b<13>          |sum<17>        |   17.740|
b<13>          |sum<18>        |   19.255|
b<13>          |sum<19>        |   19.509|
b<13>          |sum<20>        |   19.740|
b<13>          |sum<21>        |   20.527|
b<13>          |sum<22>        |   18.590|
b<13>          |sum<23>        |   18.694|
b<13>          |sum<24>        |   19.554|
b<13>          |sum<25>        |   19.603|
b<13>          |sum<26>        |   20.966|
b<13>          |sum<27>        |   21.195|
b<13>          |sum<28>        |   21.722|
b<13>          |sum<29>        |   21.275|
b<13>          |sum<30>        |   20.789|
b<13>          |sum<31>        |   20.133|
b<14>          |carry          |   19.412|
b<14>          |sum<14>        |   11.719|
b<14>          |sum<15>        |   15.654|
b<14>          |sum<16>        |   15.019|
b<14>          |sum<17>        |   14.465|
b<14>          |sum<18>        |   15.980|
b<14>          |sum<19>        |   16.234|
b<14>          |sum<20>        |   16.465|
b<14>          |sum<21>        |   17.252|
b<14>          |sum<22>        |   15.315|
b<14>          |sum<23>        |   15.419|
b<14>          |sum<24>        |   16.279|
b<14>          |sum<25>        |   16.328|
b<14>          |sum<26>        |   17.691|
b<14>          |sum<27>        |   17.920|
b<14>          |sum<28>        |   18.447|
b<14>          |sum<29>        |   18.000|
b<14>          |sum<30>        |   17.514|
b<14>          |sum<31>        |   16.858|
b<15>          |carry          |   18.622|
b<15>          |sum<15>        |   11.835|
b<15>          |sum<16>        |   14.229|
b<15>          |sum<17>        |   13.675|
b<15>          |sum<18>        |   15.190|
b<15>          |sum<19>        |   15.444|
b<15>          |sum<20>        |   15.675|
b<15>          |sum<21>        |   16.462|
b<15>          |sum<22>        |   14.525|
b<15>          |sum<23>        |   14.629|
b<15>          |sum<24>        |   15.489|
b<15>          |sum<25>        |   15.538|
b<15>          |sum<26>        |   16.901|
b<15>          |sum<27>        |   17.130|
b<15>          |sum<28>        |   17.657|
b<15>          |sum<29>        |   17.210|
b<15>          |sum<30>        |   16.724|
b<15>          |sum<31>        |   16.068|
b<16>          |carry          |   20.522|
b<16>          |sum<16>        |   12.485|
b<16>          |sum<17>        |   12.474|
b<16>          |sum<18>        |   13.989|
b<16>          |sum<19>        |   14.243|
b<16>          |sum<20>        |   14.474|
b<16>          |sum<21>        |   15.261|
b<16>          |sum<22>        |   13.969|
b<16>          |sum<23>        |   13.961|
b<16>          |sum<24>        |   17.389|
b<16>          |sum<25>        |   17.438|
b<16>          |sum<26>        |   18.801|
b<16>          |sum<27>        |   19.030|
b<16>          |sum<28>        |   19.557|
b<16>          |sum<29>        |   19.110|
b<16>          |sum<30>        |   18.624|
b<16>          |sum<31>        |   17.968|
b<17>          |carry          |   20.694|
b<17>          |sum<17>        |   12.353|
b<17>          |sum<18>        |   13.868|
b<17>          |sum<19>        |   14.122|
b<17>          |sum<20>        |   14.353|
b<17>          |sum<21>        |   15.140|
b<17>          |sum<22>        |   14.415|
b<17>          |sum<23>        |   14.089|
b<17>          |sum<24>        |   17.561|
b<17>          |sum<25>        |   17.610|
b<17>          |sum<26>        |   18.973|
b<17>          |sum<27>        |   19.202|
b<17>          |sum<28>        |   19.729|
b<17>          |sum<29>        |   19.282|
b<17>          |sum<30>        |   18.796|
b<17>          |sum<31>        |   18.140|
b<18>          |carry          |   20.498|
b<18>          |sum<18>        |   12.379|
b<18>          |sum<19>        |   13.462|
b<18>          |sum<20>        |   13.750|
b<18>          |sum<21>        |   14.479|
b<18>          |sum<22>        |   14.711|
b<18>          |sum<23>        |   15.169|
b<18>          |sum<24>        |   17.365|
b<18>          |sum<25>        |   17.414|
b<18>          |sum<26>        |   18.777|
b<18>          |sum<27>        |   19.006|
b<18>          |sum<28>        |   19.533|
b<18>          |sum<29>        |   19.086|
b<18>          |sum<30>        |   18.600|
b<18>          |sum<31>        |   17.944|
b<19>          |carry          |   20.173|
b<19>          |sum<19>        |   12.056|
b<19>          |sum<20>        |   12.955|
b<19>          |sum<21>        |   13.868|
b<19>          |sum<22>        |   14.089|
b<19>          |sum<23>        |   14.547|
b<19>          |sum<24>        |   17.040|
b<19>          |sum<25>        |   17.089|
b<19>          |sum<26>        |   18.452|
b<19>          |sum<27>        |   18.681|
b<19>          |sum<28>        |   19.208|
b<19>          |sum<29>        |   18.761|
b<19>          |sum<30>        |   18.275|
b<19>          |sum<31>        |   17.619|
b<20>          |carry          |   20.259|
b<20>          |sum<20>        |   12.499|
b<20>          |sum<21>        |   13.896|
b<20>          |sum<22>        |   14.257|
b<20>          |sum<23>        |   15.121|
b<20>          |sum<24>        |   17.126|
b<20>          |sum<25>        |   17.175|
b<20>          |sum<26>        |   18.538|
b<20>          |sum<27>        |   18.767|
b<20>          |sum<28>        |   19.294|
b<20>          |sum<29>        |   18.847|
b<20>          |sum<30>        |   18.361|
b<20>          |sum<31>        |   17.705|
b<21>          |carry          |   19.993|
b<21>          |sum<21>        |   11.264|
b<21>          |sum<22>        |   13.603|
b<21>          |sum<23>        |   14.135|
b<21>          |sum<24>        |   16.860|
b<21>          |sum<25>        |   16.909|
b<21>          |sum<26>        |   18.272|
b<21>          |sum<27>        |   18.501|
b<21>          |sum<28>        |   19.028|
b<21>          |sum<29>        |   18.581|
b<21>          |sum<30>        |   18.095|
b<21>          |sum<31>        |   17.439|
b<22>          |carry          |   17.520|
b<22>          |sum<22>        |   11.909|
b<22>          |sum<23>        |   14.312|
b<22>          |sum<24>        |   14.387|
b<22>          |sum<25>        |   14.436|
b<22>          |sum<26>        |   15.799|
b<22>          |sum<27>        |   16.028|
b<22>          |sum<28>        |   16.555|
b<22>          |sum<29>        |   16.108|
b<22>          |sum<30>        |   15.622|
b<22>          |sum<31>        |   14.966|
b<23>          |carry          |   17.110|
b<23>          |sum<23>        |   12.029|
b<23>          |sum<24>        |   13.977|
b<23>          |sum<25>        |   14.026|
b<23>          |sum<26>        |   15.389|
b<23>          |sum<27>        |   15.618|
b<23>          |sum<28>        |   16.145|
b<23>          |sum<29>        |   15.698|
b<23>          |sum<30>        |   15.212|
b<23>          |sum<31>        |   14.556|
b<24>          |carry          |   18.249|
b<24>          |sum<24>        |   11.925|
b<24>          |sum<25>        |   12.447|
b<24>          |sum<26>        |   13.810|
b<24>          |sum<27>        |   14.039|
b<24>          |sum<28>        |   14.566|
b<24>          |sum<29>        |   14.536|
b<24>          |sum<30>        |   13.727|
b<24>          |sum<31>        |   14.373|
b<25>          |carry          |   18.526|
b<25>          |sum<25>        |   12.492|
b<25>          |sum<26>        |   13.855|
b<25>          |sum<27>        |   14.084|
b<25>          |sum<28>        |   14.611|
b<25>          |sum<29>        |   14.404|
b<25>          |sum<30>        |   14.841|
b<25>          |sum<31>        |   14.483|
b<26>          |carry          |   17.562|
b<26>          |sum<26>        |   11.515|
b<26>          |sum<27>        |   13.144|
b<26>          |sum<28>        |   13.110|
b<26>          |sum<29>        |   14.251|
b<26>          |sum<30>        |   13.934|
b<26>          |sum<31>        |   14.088|
b<27>          |carry          |   17.897|
b<27>          |sum<27>        |   11.868|
b<27>          |sum<28>        |   13.117|
b<27>          |sum<29>        |   13.928|
b<27>          |sum<30>        |   14.145|
b<27>          |sum<31>        |   14.304|
b<28>          |carry          |   17.783|
b<28>          |sum<28>        |   12.225|
b<28>          |sum<29>        |   13.649|
b<28>          |sum<30>        |   14.031|
b<28>          |sum<31>        |   14.529|
b<29>          |carry          |   18.962|
b<29>          |sum<29>        |   12.285|
b<29>          |sum<30>        |   14.676|
b<29>          |sum<31>        |   14.975|
b<30>          |carry          |   16.360|
b<30>          |sum<30>        |   13.435|
b<30>          |sum<31>        |   15.722|
b<31>          |carry          |   14.911|
b<31>          |sum<31>        |   11.238|
cin            |carry          |   21.112|
cin            |sum<0>         |   13.627|
cin            |sum<1>         |   13.012|
cin            |sum<2>         |   14.349|
cin            |sum<3>         |   14.725|
cin            |sum<4>         |   15.004|
cin            |sum<5>         |   16.115|
cin            |sum<6>         |   13.681|
cin            |sum<7>         |   14.865|
cin            |sum<8>         |   15.519|
cin            |sum<9>         |   15.379|
cin            |sum<10>        |   16.030|
cin            |sum<11>        |   16.773|
cin            |sum<12>        |   17.008|
cin            |sum<13>        |   16.869|
cin            |sum<14>        |   15.547|
cin            |sum<15>        |   15.482|
cin            |sum<16>        |   16.719|
cin            |sum<17>        |   16.165|
cin            |sum<18>        |   17.680|
cin            |sum<19>        |   17.934|
cin            |sum<20>        |   18.165|
cin            |sum<21>        |   18.952|
cin            |sum<22>        |   17.015|
cin            |sum<23>        |   17.119|
cin            |sum<24>        |   17.979|
cin            |sum<25>        |   18.028|
cin            |sum<26>        |   19.391|
cin            |sum<27>        |   19.620|
cin            |sum<28>        |   20.147|
cin            |sum<29>        |   19.700|
cin            |sum<30>        |   19.214|
cin            |sum<31>        |   18.558|
---------------+---------------+---------+


Analysis completed Mon Feb 05 21:06:13 2018 
--------------------------------------------------------------------------------

Trace Settings:
-------------------------
Trace Settings 

Peak Memory Usage: 159 MB



