--------------------------------------------------------------------------------
Release 12.1 Trace  (nt)
Copyright (c) 1995-2010 Xilinx, Inc.  All rights reserved.

E:\Programs\Xilinx\ISE_DS\ISE\bin\nt\unwrapped\trce.exe -intstyle ise -v 3 -s 3
-n 3 -fastpaths -xml Tast_1_1.twx Tast_1_1.ncd -o Tast_1_1.twr Tast_1_1.pcf
-ucf VariableLocation.ucf

Design file:              Tast_1_1.ncd
Physical constraint file: Tast_1_1.pcf
Device,package,speed:     xc6slx16,csg324,C,-3 (PRELIMINARY 1.08 2010-04-09)
Report level:             verbose report

Environment Variable      Effect 
--------------------      ------ 
NONE                      No environment variables were set
--------------------------------------------------------------------------------

INFO:Timing:2698 - No timing constraints found, doing default enumeration.
INFO:Timing:2752 - To get complete path coverage, use the unconstrained paths 
   option. All paths that are not constrained will be reported in the 
   unconstrained paths section(s) of the report.
INFO:Timing:3339 - The clock-to-out numbers in this timing report are based on 
   a 50 Ohm transmission line loading model.  For the details of this model, 
   and for more information on accounting for different loading conditions, 
   please see the device datasheet.



Data Sheet report:
-----------------
All values displayed in nanoseconds (ns)

Clock in to Pad
------------+-----------------+------------+-----------------+------------+------------------+--------+
            |Max (slowest) clk|  Process   |Min (fastest) clk|  Process   |                  | Clock  |
Destination |  (edge) to PAD  |   Corner   |  (edge) to PAD  |   Corner   |Internal Clock(s) | Phase  |
------------+-----------------+------------+-----------------+------------+------------------+--------+
a           |         8.973(F)|      SLOW  |         4.010(F)|      FAST  |in_BUFGP          |   0.000|
b           |         8.963(F)|      SLOW  |         3.991(F)|      FAST  |in_BUFGP          |   0.000|
c           |         9.359(F)|      SLOW  |         4.109(F)|      FAST  |in_BUFGP          |   0.000|
d           |         8.859(F)|      SLOW  |         3.959(F)|      FAST  |in_BUFGP          |   0.000|
e           |         8.926(F)|      SLOW  |         3.994(F)|      FAST  |in_BUFGP          |   0.000|
f           |         9.291(F)|      SLOW  |         4.068(F)|      FAST  |in_BUFGP          |   0.000|
g           |         9.291(F)|      SLOW  |         4.185(F)|      FAST  |in_BUFGP          |   0.000|
------------+-----------------+------------+-----------------+------------+------------------+--------+

Clock to Setup on destination clock in
---------------+---------+---------+---------+---------+
               | Src:Rise| Src:Fall| Src:Rise| Src:Fall|
Source Clock   |Dest:Rise|Dest:Rise|Dest:Fall|Dest:Fall|
---------------+---------+---------+---------+---------+
in             |         |         |         |    1.505|
---------------+---------+---------+---------+---------+


Analysis completed Thu Oct 26 12:05:51 2017 
--------------------------------------------------------------------------------

Trace Settings:
-------------------------
Trace Settings 

Peak Memory Usage: 153 MB



