--------------------------------------------------------------------------------
Release 12.1 Trace  (nt)
Copyright (c) 1995-2010 Xilinx, Inc.  All rights reserved.

E:\Programs\Xilinx\ISE_DS\ISE\bin\nt\unwrapped\trce.exe -intstyle ise -v 3 -s 3
-n 3 -fastpaths -xml Task_1.twx Task_1.ncd -o Task_1.twr Task_1.pcf -ucf
User_Defined_Pins.ucf

Design file:              Task_1.ncd
Physical constraint file: Task_1.pcf
Device,package,speed:     xc6slx16,csg324,C,-3 (PRELIMINARY 1.08 2010-04-09)
Report level:             verbose report

Environment Variable      Effect 
--------------------      ------ 
NONE                      No environment variables were set
--------------------------------------------------------------------------------

INFO:Timing:2698 - No timing constraints found, doing default enumeration.
INFO:Timing:2752 - To get complete path coverage, use the unconstrained paths 
   option. All paths that are not constrained will be reported in the 
   unconstrained paths section(s) of the report.
INFO:Timing:3339 - The clock-to-out numbers in this timing report are based on 
   a 50 Ohm transmission line loading model.  For the details of this model, 
   and for more information on accounting for different loading conditions, 
   please see the device datasheet.



Data Sheet report:
-----------------
All values displayed in nanoseconds (ns)

Clock clock to Pad
------------+-----------------+------------+-----------------+------------+------------------+--------+
            |Max (slowest) clk|  Process   |Min (fastest) clk|  Process   |                  | Clock  |
Destination |  (edge) to PAD  |   Corner   |  (edge) to PAD  |   Corner   |Internal Clock(s) | Phase  |
------------+-----------------+------------+-----------------+------------+------------------+--------+
a           |         9.634(R)|      SLOW  |         4.252(R)|      FAST  |clock_BUFGP       |   0.000|
b           |         9.280(R)|      SLOW  |         4.173(R)|      FAST  |clock_BUFGP       |   0.000|
c           |         9.585(R)|      SLOW  |         4.383(R)|      FAST  |clock_BUFGP       |   0.000|
d           |         9.644(R)|      SLOW  |         4.380(R)|      FAST  |clock_BUFGP       |   0.000|
e           |        10.031(R)|      SLOW  |         4.526(R)|      FAST  |clock_BUFGP       |   0.000|
f           |         9.786(R)|      SLOW  |         4.328(R)|      FAST  |clock_BUFGP       |   0.000|
g           |         9.878(R)|      SLOW  |         4.433(R)|      FAST  |clock_BUFGP       |   0.000|
------------+-----------------+------------+-----------------+------------+------------------+--------+

Clock to Setup on destination clock clock
---------------+---------+---------+---------+---------+
               | Src:Rise| Src:Fall| Src:Rise| Src:Fall|
Source Clock   |Dest:Rise|Dest:Rise|Dest:Fall|Dest:Fall|
---------------+---------+---------+---------+---------+
clock          |    3.663|         |         |         |
---------------+---------+---------+---------+---------+


Analysis completed Thu Nov 16 15:22:55 2017 
--------------------------------------------------------------------------------

Trace Settings:
-------------------------
Trace Settings 

Peak Memory Usage: 154 MB



